<html>
<body>
<pre>
<h1>µVision Build Log</h1>
<h2>Tool Versions:</h2>
IDE-Version: µVision V5.29.0.0
Copyright (C) 2019 ARM Ltd and ARM Germany GmbH. All rights reserved.
License Information: ... Administrator, 1, LIC=EXJT4-FHCJN-LQ20Q-NWP1I-IAFNF-IVDIU
 
Tool Versions:
Toolchain:       MDK-ARM Plus  Version: 5.29.0.0
Toolchain Path:  D:\Keil_v5\ARM\ARMCC\Bin
C Compiler:      Armcc.exe V5.06 update 6 (build 750)
Assembler:       Armasm.exe V5.06 update 6 (build 750)
Linker/Locator:  ArmLink.exe V5.06 update 6 (build 750)
Library Manager: ArmAr.exe V5.06 update 6 (build 750)
Hex Converter:   FromElf.exe V5.06 update 6 (build 750)
CPU DLL:         SARMCM3.DLL V5.29.0.0
Dialog DLL:      DCM.DLL V1.17.3.0
Target DLL:      STLink\ST-LINKIII-KEIL_SWO.dll V3.0.7.0
Dialog DLL:      TCM.DLL V1.36.5.0
 
<h2>Project:</h2>
C:\Users\Administrator\Documents\Keil_F4\UVA_4_T\UVA_4_T.uvprojx
Project File Date:  06/02/2020

<h2>Output:</h2>
*** Using Compiler 'V5.06 update 6 (build 750)', folder: 'D:\Keil_v5\ARM\ARMCC\Bin'
Build target 'Target 1'
compiling system_stm32f4xx.c...
compiling stm32f4xx_it.c...
assembling startup_stm32f40xx.s...
compiling main.c...
compiling misc.c...
compiling stm32f4xx_adc.c...
compiling stm32f4xx_exti.c...
compiling stm32f4xx_gpio.c...
compiling stm32f4xx_i2c.c...
compiling stm32f4xx_rcc.c...
compiling stm32f4xx_spi.c...
compiling stm32f4xx_tim.c...
compiling stm32f4xx_usart.c...
compiling stm32f4xx_syscfg.c...
compiling UART_init.c...
compiling ADC_init.c...
compiling EXIT_init.c...
compiling MSysTick.c...
compiling IIC_init.c...
compiling Delay.c...
compiling PWM_TIMx_init.c...
compiling LED.c...
compiling Motor.c...
compiling MPUx_init.c...
compiling MPU_DMP.c...
Modules\MPU_DMP.c(89): warning:  #177-D: variable "Temp"  was declared but never referenced
  		float Temp;
Modules\MPU_DMP.c: 1 warning, 0 errors
compiling NRF_USART_MODULE.c...
compiling NRF24L01.c...
compiling PID_Control.c...
compiling Data_Type_Conv.c...
compiling mymath.c...
compiling log_stm32.c...
compiling inv_mpu_dmp_motion_driver.c...
compiling inv_mpu.c...
compiling eMPL_outputs.c...
compiling data_builder.c...
compiling hal_outputs.c...
compiling message_layer.c...
compiling mlmath.c...
compiling mpl.c...
compiling ml_math_func.c...
compiling results_holder.c...
compiling start_manager.c...
compiling storage_manager.c...
linking...
Program Size: Code=60760 RO-data=4616 RW-data=160 ZI-data=7216  
FromELF: creating hex file...
".\Objects\UVA_4_T.axf" - 0 Error(s), 1 Warning(s).

<h2>Software Packages used:</h2>

Package Vendor: Keil
                http://www.keil.com/pack/Keil.STM32F4xx_DFP.2.14.0.pack
                Keil.STM32F4xx_DFP.2.14.0
                STMicroelectronics STM32F4 Series Device Support, Drivers and Examples

<h2>Collection of Component include folders:</h2>
  .\RTE\_Target_1
  C:\Users\Administrator\AppData\Local\Arm\Packs\Keil\STM32F4xx_DFP\2.14.0\Drivers\CMSIS\Device\ST\STM32F4xx\Include

<h2>Collection of Component Files used:</h2>
Build Time Elapsed:  00:00:10
</pre>
</body>
</html>
