Component: ARM Compiler 5.06 update 6 (build 750) Tool: armlink [4d35ed]

==============================================================================

Section Cross References

    main.o(i.Meausure_Pinit) refers to main.o(.bss) for .bss
    main.o(i.RemoteControl_Pinit) refers to main.o(.bss) for .bss
    main.o(i.RemoteControl_Raw_simul) refers to main.o(.bss) for .bss
    main.o(i.main) refers to main.o(i.Meausure_Pinit) for Meausure_Pinit
    main.o(i.main) refers to main.o(i.RemoteControl_Pinit) for RemoteControl_Pinit
    main.o(i.main) refers to pid_control.o(i.PID_all_init_cl) for PID_all_init_cl
    main.o(i.main) refers to main.o(i.RemoteControl_Raw_simul) for RemoteControl_Raw_simul
    main.o(i.main) refers to misc.o(i.NVIC_PriorityGroupConfig) for NVIC_PriorityGroupConfig
    main.o(i.main) refers to pwm_timx_init.o(i.PWM_Timer_init) for PWM_Timer_init
    main.o(i.main) refers to iic_init.o(i.IIC_init) for IIC_init
    main.o(i.main) refers to adc_init.o(i.ADC_init) for ADC_init
    main.o(i.main) refers to led.o(i.LED_Init) for LED_Init
    main.o(i.main) refers to nrf24l01.o(i.NRF_SPI_init) for NRF_SPI_init
    main.o(i.main) refers to nrf24l01.o(i.NRF24L01_Self_checking) for NRF24L01_Self_checking
    main.o(i.main) refers to mpux_init.o(i.MPU_Self_checking) for MPU_Self_checking
    main.o(i.main) refers to mpu_dmp.o(i.MPU_DMP_Setup) for MPU_DMP_Setup
    main.o(i.main) refers to msystick.o(i.SysTick_Init) for SysTick_Init
    main.o(i.main) refers to exit_init.o(i.EXTI_init) for EXTI_init
    main.o(i.main) refers to nrf24l01.o(i.NRF_Rx_data) for NRF_Rx_data
    main.o(i.main) refers to log_stm32.o(i.Data_Receive_ANO_Prepare) for Data_Receive_ANO_Prepare
    main.o(i.main) refers to adc_init.o(i.ADC_filter_return) for ADC_filter_return
    main.o(i.main) refers to mpu_dmp.o(i.MPU_DMP_Loop) for MPU_DMP_Loop
    main.o(i.main) refers to main.o(.bss) for .bss
    stm32f4xx_it.o(i.SysTick_Handler) refers to msystick.o(i.TimeStamp_Increment) for TimeStamp_Increment
    system_stm32f4xx.o(i.SystemCoreClockUpdate) refers to system_stm32f4xx.o(.data) for .data
    system_stm32f4xx.o(i.SystemInit) refers to system_stm32f4xx.o(i.SetSysClock) for SetSysClock
    startup_stm32f40xx.o(RESET) refers to startup_stm32f40xx.o(STACK) for __initial_sp
    startup_stm32f40xx.o(RESET) refers to startup_stm32f40xx.o(.text) for Reset_Handler
    startup_stm32f40xx.o(RESET) refers to stm32f4xx_it.o(i.NMI_Handler) for NMI_Handler
    startup_stm32f40xx.o(RESET) refers to stm32f4xx_it.o(i.HardFault_Handler) for HardFault_Handler
    startup_stm32f40xx.o(RESET) refers to stm32f4xx_it.o(i.MemManage_Handler) for MemManage_Handler
    startup_stm32f40xx.o(RESET) refers to stm32f4xx_it.o(i.BusFault_Handler) for BusFault_Handler
    startup_stm32f40xx.o(RESET) refers to stm32f4xx_it.o(i.UsageFault_Handler) for UsageFault_Handler
    startup_stm32f40xx.o(RESET) refers to stm32f4xx_it.o(i.SVC_Handler) for SVC_Handler
    startup_stm32f40xx.o(RESET) refers to stm32f4xx_it.o(i.DebugMon_Handler) for DebugMon_Handler
    startup_stm32f40xx.o(RESET) refers to stm32f4xx_it.o(i.PendSV_Handler) for PendSV_Handler
    startup_stm32f40xx.o(RESET) refers to stm32f4xx_it.o(i.SysTick_Handler) for SysTick_Handler
    startup_stm32f40xx.o(RESET) refers to exit_init.o(i.EXTI0_IRQHandler) for EXTI0_IRQHandler
    startup_stm32f40xx.o(RESET) refers to exit_init.o(i.EXTI15_10_IRQHandler) for EXTI15_10_IRQHandler
    startup_stm32f40xx.o(.text) refers to system_stm32f4xx.o(i.SystemInit) for SystemInit
    startup_stm32f40xx.o(.text) refers to entry.o(.ARM.Collect$$$$00000000) for __main
    stm32f4xx_adc.o(i.ADC_DeInit) refers to stm32f4xx_rcc.o(i.RCC_APB2PeriphResetCmd) for RCC_APB2PeriphResetCmd
    stm32f4xx_gpio.o(i.GPIO_DeInit) refers to stm32f4xx_rcc.o(i.RCC_AHB1PeriphResetCmd) for RCC_AHB1PeriphResetCmd
    stm32f4xx_i2c.o(i.I2C_DeInit) refers to stm32f4xx_rcc.o(i.RCC_APB1PeriphResetCmd) for RCC_APB1PeriphResetCmd
    stm32f4xx_i2c.o(i.I2C_Init) refers to stm32f4xx_rcc.o(i.RCC_GetClocksFreq) for RCC_GetClocksFreq
    stm32f4xx_rcc.o(i.RCC_GetClocksFreq) refers to stm32f4xx_rcc.o(.data) for .data
    stm32f4xx_rcc.o(i.RCC_WaitForHSEStartUp) refers to stm32f4xx_rcc.o(i.RCC_GetFlagStatus) for RCC_GetFlagStatus
    stm32f4xx_spi.o(i.SPI_I2S_DeInit) refers to stm32f4xx_rcc.o(i.RCC_APB2PeriphResetCmd) for RCC_APB2PeriphResetCmd
    stm32f4xx_spi.o(i.SPI_I2S_DeInit) refers to stm32f4xx_rcc.o(i.RCC_APB1PeriphResetCmd) for RCC_APB1PeriphResetCmd
    stm32f4xx_tim.o(i.TIM_DeInit) refers to stm32f4xx_rcc.o(i.RCC_APB2PeriphResetCmd) for RCC_APB2PeriphResetCmd
    stm32f4xx_tim.o(i.TIM_DeInit) refers to stm32f4xx_rcc.o(i.RCC_APB1PeriphResetCmd) for RCC_APB1PeriphResetCmd
    stm32f4xx_tim.o(i.TIM_ETRClockMode1Config) refers to stm32f4xx_tim.o(i.TIM_ETRConfig) for TIM_ETRConfig
    stm32f4xx_tim.o(i.TIM_ETRClockMode2Config) refers to stm32f4xx_tim.o(i.TIM_ETRConfig) for TIM_ETRConfig
[...]
    Data_Send_ANO_Sensors                    0x08006159   Thumb Code   132  log_stm32.o(i.Data_Send_ANO_Sensors)
    Data_Send_ANO_Status                     0x080061e1   Thumb Code   166  log_stm32.o(i.Data_Send_ANO_Status)
    DebugMon_Handler                         0x08006291   Thumb Code     2  stm32f4xx_it.o(i.DebugMon_Handler)
    Delay_ms                                 0x08006295   Thumb Code    72  delay.o(i.Delay_ms)
    EXTI0_IRQHandler                         0x080062e1   Thumb Code    38  exit_init.o(i.EXTI0_IRQHandler)
    EXTI15_10_IRQHandler                     0x0800630d   Thumb Code    32  exit_init.o(i.EXTI15_10_IRQHandler)
    EXTI_ClearITPendingBit                   0x0800632d   Thumb Code     6  stm32f4xx_exti.o(i.EXTI_ClearITPendingBit)
    EXTI_GetITStatus                         0x08006339   Thumb Code    16  stm32f4xx_exti.o(i.EXTI_GetITStatus)
    EXTI_Init                                0x0800634d   Thumb Code   110  stm32f4xx_exti.o(i.EXTI_Init)
    EXTI_init                                0x080063c1   Thumb Code   174  exit_init.o(i.EXTI_init)
    GPIO_Init                                0x08006479   Thumb Code   124  stm32f4xx_gpio.o(i.GPIO_Init)
    GPIO_PinAFConfig                         0x080064f5   Thumb Code    32  stm32f4xx_gpio.o(i.GPIO_PinAFConfig)
    GPIO_ReadInputDataBit                    0x08006515   Thumb Code    14  stm32f4xx_gpio.o(i.GPIO_ReadInputDataBit)
    GPIO_ResetBits                           0x08006523   Thumb Code     4  stm32f4xx_gpio.o(i.GPIO_ResetBits)
    GPIO_SetBits                             0x08006527   Thumb Code     4  stm32f4xx_gpio.o(i.GPIO_SetBits)
    Get_I2C_Retry                            0x0800652d   Thumb Code     6  iic_init.o(i.Get_I2C_Retry)
    HardFault_Handler                        0x08006539   Thumb Code     2  stm32f4xx_it.o(i.HardFault_Handler)
    IIC_Read_data                            0x080065b5   Thumb Code    92  iic_init.o(i.IIC_Read_data)
    IIC_Read_register_bytes                  0x08006615   Thumb Code    82  iic_init.o(i.IIC_Read_register_bytes)
    IIC_Send_data                            0x08006669   Thumb Code   114  iic_init.o(i.IIC_Send_data)
    IIC_Send_data_t                          0x080066e1   Thumb Code   106  iic_init.o(i.IIC_Send_data_t)
    IIC_Send_register_bytes                  0x08006751   Thumb Code    54  iic_init.o(i.IIC_Send_register_bytes)
    IIC_init                                 0x08006789   Thumb Code    72  iic_init.o(i.IIC_init)
    IIC_send_7bitaddress                     0x080067d9   Thumb Code   122  iic_init.o(i.IIC_send_7bitaddress)
    LED_Init                                 0x08006969   Thumb Code    76  led.o(i.LED_Init)
    MPU_Check                                0x080069b9   Thumb Code    34  mpux_init.o(i.MPU_Check)
    MPU_DMP_Loop                             0x080069dd   Thumb Code   488  mpu_dmp.o(i.MPU_DMP_Loop)
    MPU_DMP_Setup                            0x08006bc9   Thumb Code   324  mpu_dmp.o(i.MPU_DMP_Setup)
    MPU_Self_checking                        0x08006db5   Thumb Code    64  mpux_init.o(i.MPU_Self_checking)
    Meausure_Pinit                           0x08006e15   Thumb Code    26  main.o(i.Meausure_Pinit)
    MemManage_Handler                        0x08006e39   Thumb Code     2  stm32f4xx_it.o(i.MemManage_Handler)
    NMI_Handler                              0x08006e3b   Thumb Code     2  stm32f4xx_it.o(i.NMI_Handler)
    NRF24L01_Self_checking                   0x08006e3d   Thumb Code    48  nrf24l01.o(i.NRF24L01_Self_checking)
    NRF_Check                                0x08006e85   Thumb Code    68  nrf24l01.o(i.NRF_Check)
    NRF_Datac_pc_ascll                       0x08006ed1   Thumb Code    74  nrf_usart_module.o(i.NRF_Datac_pc_ascll)
    NRF_Read_Buf                             0x08006f1d   Thumb Code    70  nrf24l01.o(i.NRF_Read_Buf)
    NRF_Read_Reg                             0x08006f69   Thumb Code    48  nrf24l01.o(i.NRF_Read_Reg)
    NRF_Rx_data                              0x08006f9d   Thumb Code    92  nrf24l01.o(i.NRF_Rx_data)
    NRF_Rx_mode                              0x08006ffd   Thumb Code    82  nrf24l01.o(i.NRF_Rx_mode)
    NRF_SPI_init                             0x08007059   Thumb Code   270  nrf24l01.o(i.NRF_SPI_init)
    NRF_Tx_data                              0x08007171   Thumb Code    90  nrf24l01.o(i.NRF_Tx_data)
    NRF_Tx_mode                              0x080071d1   Thumb Code   100  nrf24l01.o(i.NRF_Tx_mode)
    NRF_USART_Send_char                      0x0800723d   Thumb Code    62  nrf_usart_module.o(i.NRF_USART_Send_char)
    NRF_Write_Buf                            0x0800727d   Thumb Code    72  nrf24l01.o(i.NRF_Write_Buf)
    NRF_Write_Reg                            0x080072c9   Thumb Code    50  nrf24l01.o(i.NRF_Write_Reg)
    NVIC_Init                                0x08007301   Thumb Code    98  misc.o(i.NVIC_Init)
    NVIC_PriorityGroupConfig                 0x08007369   Thumb Code    10  misc.o(i.NVIC_PriorityGroupConfig)
    PID_Controler                            0x0800737d   Thumb Code   182  pid_control.o(i.PID_Controler)
    PID_Pitch_angle                          0x08007439   Thumb Code    40  pid_control.o(i.PID_Pitch_angle)
    PID_Pitch_rate                           0x0800746d   Thumb Code    40  pid_control.o(i.PID_Pitch_rate)
    PID_Roll_angle                           0x080074a1   Thumb Code    40  pid_control.o(i.PID_Roll_angle)
    PID_Roll_rate                            0x080074d5   Thumb Code    40  pid_control.o(i.PID_Roll_rate)
    PID_Yaw_angle                            0x08007509   Thumb Code    40  pid_control.o(i.PID_Yaw_angle)
    PID_Yaw_rate                             0x0800753d   Thumb Code    40  pid_control.o(i.PID_Yaw_rate)
    PID_all_init_cl                          0x08007571   Thumb Code   106  pid_control.o(i.PID_all_init_cl)
    PWM_Generate_4                           0x080075e1   Thumb Code   174  pwm_timx_init.o(i.PWM_Generate_4)
    PWM_Timer_init                           0x08007695   Thumb Code   338  pwm_timx_init.o(i.PWM_Timer_init)
    PendSV_Handler                           0x080077f1   Thumb Code     2  stm32f4xx_it.o(i.PendSV_Handler)
    RCC_AHB1PeriphClockCmd                   0x080077f5   Thumb Code    22  stm32f4xx_rcc.o(i.RCC_AHB1PeriphClockCmd)
    RCC_APB1PeriphResetCmd                   0x08007811   Thumb Code    22  stm32f4xx_rcc.o(i.RCC_APB1PeriphResetCmd)
    RCC_APB2PeriphClockCmd                   0x0800782d   Thumb Code    22  stm32f4xx_rcc.o(i.RCC_APB2PeriphClockCmd)
    RCC_APB2PeriphResetCmd                   0x08007849   Thumb Code    22  stm32f4xx_rcc.o(i.RCC_APB2PeriphResetCmd)
    RemoteControl_Pinit                      0x08007865   Thumb Code    30  main.o(i.RemoteControl_Pinit)
    RemoteControl_Raw_simul                  0x0800788d   Thumb Code    20  main.o(i.RemoteControl_Raw_simul)
    SPI_Cmd                                  0x080078a5   Thumb Code    24  stm32f4xx_spi.o(i.SPI_Cmd)
    SPI_I2S_GetFlagStatus                    0x080078bd   Thumb Code    14  stm32f4xx_spi.o(i.SPI_I2S_GetFlagStatus)
    SPI_I2S_ReceiveData                      0x080078cb   Thumb Code     4  stm32f4xx_spi.o(i.SPI_I2S_ReceiveData)
    SPI_I2S_SendData                         0x080078cf   Thumb Code     4  stm32f4xx_spi.o(i.SPI_I2S_SendData)
    SPI_Init                                 0x080078d3   Thumb Code    56  stm32f4xx_spi.o(i.SPI_Init)
    SPI_NRF_RW_byte                          0x0800790d   Thumb Code    74  nrf24l01.o(i.SPI_NRF_RW_byte)
    ST_Hard_Sensors_I2C_ReadRegister         0x0800795d   Thumb Code    26  iic_init.o(i.ST_Hard_Sensors_I2C_ReadRegister)
    ST_Hard_Sensors_I2C_WriteRegister        0x08007977   Thumb Code    26  iic_init.o(i.ST_Hard_Sensors_I2C_WriteRegister)
    SVC_Handler                              0x08007991   Thumb Code     2  stm32f4xx_it.o(i.SVC_Handler)
    SYSCFG_EXTILineConfig                    0x08007995   Thumb Code    38  stm32f4xx_syscfg.o(i.SYSCFG_EXTILineConfig)
    Send_ANO_PID                             0x080079f5   Thumb Code   294  log_stm32.o(i.Send_ANO_PID)
    Sensors_I2C_ReadRegister                 0x08007b25   Thumb Code    62  iic_init.o(i.Sensors_I2C_ReadRegister)
    Sensors_I2C_WriteRegister                0x08007b63   Thumb Code    62  iic_init.o(i.Sensors_I2C_WriteRegister)
    SysTick_Handler                          0x08007c5f   Thumb Code     4  stm32f4xx_it.o(i.SysTick_Handler)
    SysTick_Init                             0x08007c65   Thumb Code    60  msystick.o(i.SysTick_Init)
    SystemInit                               0x08007ca9   Thumb Code    74  system_stm32f4xx.o(i.SystemInit)
    TIM_ARRPreloadConfig                     0x08007d05   Thumb Code    24  stm32f4xx_tim.o(i.TIM_ARRPreloadConfig)
    TIM_Cmd                                  0x08007d1d   Thumb Code    24  stm32f4xx_tim.o(i.TIM_Cmd)
    TIM_CtrlPWMOutputs                       0x08007d35   Thumb Code    28  stm32f4xx_tim.o(i.TIM_CtrlPWMOutputs)
    TIM_DeInit                               0x08007d51   Thumb Code   376  stm32f4xx_tim.o(i.TIM_DeInit)
    TIM_OC1Init                              0x08007efd   Thumb Code    96  stm32f4xx_tim.o(i.TIM_OC1Init)
    TIM_OC1PreloadConfig                     0x08007f65   Thumb Code    12  stm32f4xx_tim.o(i.TIM_OC1PreloadConfig)
    TIM_OC2Init                              0x08007f71   Thumb Code   128  stm32f4xx_tim.o(i.TIM_OC2Init)
    TIM_OC2PreloadConfig                     0x08007ff9   Thumb Code    20  stm32f4xx_tim.o(i.TIM_OC2PreloadConfig)
    TIM_OC3Init                              0x0800800d   Thumb Code   124  stm32f4xx_tim.o(i.TIM_OC3Init)
    TIM_OC3PreloadConfig                     0x08008091   Thumb Code    12  stm32f4xx_tim.o(i.TIM_OC3PreloadConfig)
    TIM_OC4Init                              0x0800809d   Thumb Code    92  stm32f4xx_tim.o(i.TIM_OC4Init)
    TIM_OC4PreloadConfig                     0x08008101   Thumb Code    20  stm32f4xx_tim.o(i.TIM_OC4PreloadConfig)
    TIM_SetCompare1                          0x08008115   Thumb Code     4  stm32f4xx_tim.o(i.TIM_SetCompare1)
    TIM_SetCompare2                          0x08008119   Thumb Code     4  stm32f4xx_tim.o(i.TIM_SetCompare2)
    TIM_SetCompare3                          0x0800811d   Thumb Code     4  stm32f4xx_tim.o(i.TIM_SetCompare3)
    TIM_SetCompare4                          0x08008121   Thumb Code     4  stm32f4xx_tim.o(i.TIM_SetCompare4)
    TIM_TimeBaseInit                         0x08008125   Thumb Code    96  stm32f4xx_tim.o(i.TIM_TimeBaseInit)
    TimeStamp_Increment                      0x080081a1   Thumb Code    10  msystick.o(i.TimeStamp_Increment)
    UVA_Controler                            0x080081b1   Thumb Code   518  pid_control.o(i.UVA_Controler)
    UsageFault_Handler                       0x080083dd   Thumb Code     2  stm32f4xx_it.o(i.UsageFault_Handler)
    _MLPrintLog                              0x080083df   Thumb Code   148  log_stm32.o(i._MLPrintLog)
    __0vsprintf                              0x08008475   Thumb Code    30  printfa.o(i.__0vsprintf)
    __1vsprintf                              0x08008475   Thumb Code     0  printfa.o(i.__0vsprintf)
    __2vsprintf                              0x08008475   Thumb Code     0  printfa.o(i.__0vsprintf)
    __c89vsprintf                            0x08008475   Thumb Code     0  printfa.o(i.__0vsprintf)
    vsprintf                                 0x08008475   Thumb Code     0  printfa.o(i.__0vsprintf)
    __ARM_fpclassify                         0x08008499   Thumb Code    48  fpclassify.o(i.__ARM_fpclassify)
    __ARM_fpclassifyf                        0x080084c9   Thumb Code    38  fpclassifyf.o(i.__ARM_fpclassifyf)
    __hardfp_acosf                           0x080084f1   Thumb Code   234  acosf.o(i.__hardfp_acosf)
    __hardfp_atan2f                          0x08008609   Thumb Code   502  atan2f.o(i.__hardfp_atan2f)
    __hardfp_cos                             0x08008859   Thumb Code   180  cos.o(i.__hardfp_cos)
    __hardfp_cosf                            0x08008921   Thumb Code   280  cosf.o(i.__hardfp_cosf)
    __hardfp_fabs                            0x08008a71   Thumb Code    20  fabs.o(i.__hardfp_fabs)
    __hardfp_log                             0x08008a89   Thumb Code   872  log.o(i.__hardfp_log)
    __hardfp_sinf                            0x08008e4d   Thumb Code   344  sinf.o(i.__hardfp_sinf)
    __hardfp_sqrtf                           0x08008fdd   Thumb Code    58  sqrtf.o(i.__hardfp_sqrtf)
    __ieee754_rem_pio2                       0x08009019   Thumb Code   938  rred.o(i.__ieee754_rem_pio2)
    __kernel_cos                             0x08009451   Thumb Code   322  cos_i.o(i.__kernel_cos)
    __kernel_poly                            0x080095c1   Thumb Code   248  poly.o(i.__kernel_poly)
    __kernel_sin                             0x080096b9   Thumb Code   280  sin_i.o(i.__kernel_sin)
    __mathlib_dbl_divzero                    0x080097e9   Thumb Code    28  dunder.o(i.__mathlib_dbl_divzero)
    __mathlib_dbl_infnan                     0x08009819   Thumb Code    20  dunder.o(i.__mathlib_dbl_infnan)
    __mathlib_dbl_invalid                    0x08009831   Thumb Code    24  dunder.o(i.__mathlib_dbl_invalid)
    __mathlib_dbl_underflow                  0x08009851   Thumb Code    24  dunder.o(i.__mathlib_dbl_underflow)
    __mathlib_flt_infnan                     0x08009871   Thumb Code     6  funder.o(i.__mathlib_flt_infnan)
    __mathlib_flt_infnan2                    0x08009877   Thumb Code     6  funder.o(i.__mathlib_flt_infnan2)
    __mathlib_flt_invalid                    0x0800987d   Thumb Code    10  funder.o(i.__mathlib_flt_invalid)
    __mathlib_flt_underflow                  0x0800988d   Thumb Code    10  funder.o(i.__mathlib_flt_underflow)
    __mathlib_rredf2                         0x0800989d   Thumb Code   316  rredf.o(i.__mathlib_rredf2)
    __scatterload_copy                       0x08009a21   Thumb Code    14  handlers.o(i.__scatterload_copy)
    __scatterload_null                       0x08009a2f   Thumb Code     2  handlers.o(i.__scatterload_null)
    __scatterload_zeroinit                   0x08009a31   Thumb Code    14  handlers.o(i.__scatterload_zeroinit)
    __set_errno                              0x08009a41   Thumb Code     6  errno.o(i.__set_errno)
    acosf                                    0x0800a801   Thumb Code    16  acosf.o(i.acosf)
    cos                                      0x0800a929   Thumb Code    16  cos.o(i.cos)
    cosf                                     0x0800a939   Thumb Code    16  cosf.o(i.cosf)
    dmp_enable_6x_lp_quat                    0x0800a985   Thumb Code    60  inv_mpu_dmp_motion_driver.o(i.dmp_enable_6x_lp_quat)
    dmp_enable_feature                       0x0800a9c1   Thumb Code   484  inv_mpu_dmp_motion_driver.o(i.dmp_enable_feature)
    dmp_enable_gyro_cal                      0x0800abad   Thumb Code    62  inv_mpu_dmp_motion_driver.o(i.dmp_enable_gyro_cal)
    dmp_enable_lp_quat                       0x0800ac05   Thumb Code    60  inv_mpu_dmp_motion_driver.o(i.dmp_enable_lp_quat)
    dmp_load_motion_driver_firmware          0x0800ac41   Thumb Code    16  inv_mpu_dmp_motion_driver.o(i.dmp_load_motion_driver_firmware)
    dmp_read_fifo                            0x0800ac55   Thumb Code   384  inv_mpu_dmp_motion_driver.o(i.dmp_read_fifo)
    dmp_register_tap_cb                      0x0800add9   Thumb Code     8  inv_mpu_dmp_motion_driver.o(i.dmp_register_tap_cb)
    dmp_set_fifo_rate                        0x0800ade5   Thumb Code    96  inv_mpu_dmp_motion_driver.o(i.dmp_set_fifo_rate)
    dmp_set_shake_reject_thresh              0x0800ae55   Thumb Code    48  inv_mpu_dmp_motion_driver.o(i.dmp_set_shake_reject_thresh)
    dmp_set_shake_reject_time                0x0800ae85   Thumb Code    32  inv_mpu_dmp_motion_driver.o(i.dmp_set_shake_reject_time)
    dmp_set_shake_reject_timeout             0x0800aea5   Thumb Code    32  inv_mpu_dmp_motion_driver.o(i.dmp_set_shake_reject_timeout)
    dmp_set_tap_axes                         0x0800aec5   Thumb Code    56  inv_mpu_dmp_motion_driver.o(i.dmp_set_tap_axes)
    dmp_set_tap_count                        0x0800aefd   Thumb Code    34  inv_mpu_dmp_motion_driver.o(i.dmp_set_tap_count)
    dmp_set_tap_thresh                       0x0800af21   Thumb Code   376  inv_mpu_dmp_motion_driver.o(i.dmp_set_tap_thresh)
    dmp_set_tap_time                         0x0800b0bd   Thumb Code    32  inv_mpu_dmp_motion_driver.o(i.dmp_set_tap_time)
    dmp_set_tap_time_multi                   0x0800b0dd   Thumb Code    32  inv_mpu_dmp_motion_driver.o(i.dmp_set_tap_time_multi)
    fabs                                     0x0800b0fd   Thumb Code    24  fabs.o(i.fabs)
    get_tick_count                           0x0800b6c1   Thumb Code    10  msystick.o(i.get_tick_count)
    gyro_data_ready_cb                       0x0800bb81   Thumb Code     8  mpu_dmp.o(i.gyro_data_ready_cb)
    inv_accel_was_turned_off                 0x0800bb8d   Thumb Code     8  data_builder.o(i.inv_accel_was_turned_off)
    inv_apply_calibration                    0x0800bb99   Thumb Code   106  data_builder.o(i.inv_apply_calibration)
    inv_build_accel                          0x0800bc05   Thumb Code    96  data_builder.o(i.inv_build_accel)
    inv_build_compass                        0x0800bc6d   Thumb Code   114  data_builder.o(i.inv_build_compass)
    inv_build_gyro                           0x0800bce9   Thumb Code    42  data_builder.o(i.inv_build_gyro)
    inv_build_quat                           0x0800bd19   Thumb Code    42  data_builder.o(i.inv_build_quat)
    inv_build_temp                           0x0800bd49   Thumb Code    22  data_builder.o(i.inv_build_temp)
    inv_compass_angle                        0x0800bd65   Thumb Code   162  ml_math_func.o(i.inv_compass_angle)
    inv_compass_was_turned_off               0x0800be11   Thumb Code    10  data_builder.o(i.inv_compass_was_turned_off)
    inv_convert_to_body_with_scale           0x0800be21   Thumb Code    92  ml_math_func.o(i.inv_convert_to_body_with_scale)
    inv_disable_compass_soft_iron_matrix     0x0800bec5   Thumb Code    10  data_builder.o(i.inv_disable_compass_soft_iron_matrix)
    inv_enable_eMPL_outputs                  0x0800bed5   Thumb Code    22  empl_outputs.o(i.inv_enable_eMPL_outputs)
    inv_enable_results_holder                0x0800bef1   Thumb Code    22  results_holder.o(i.inv_enable_results_holder)
    inv_execute_mpl_start_notification       0x0800bf0d   Thumb Code    36  start_manager.o(i.inv_execute_mpl_start_notification)
    inv_execute_on_data                      0x0800bf35   Thumb Code   118  data_builder.o(i.inv_execute_on_data)
    inv_generate_results                     0x0800c061   Thumb Code    10  results_holder.o(i.inv_generate_results)
    inv_get_6axis_quaternion                 0x0800c071   Thumb Code    22  results_holder.o(i.inv_get_6axis_quaternion)
    inv_get_acc_state                        0x0800c08d   Thumb Code     6  results_holder.o(i.inv_get_acc_state)
    inv_get_accel_accuracy                   0x0800c099   Thumb Code     6  data_builder.o(i.inv_get_accel_accuracy)
    inv_get_accel_on                         0x0800c0a5   Thumb Code    12  data_builder.o(i.inv_get_accel_on)
    inv_get_accel_set                        0x0800c0b5   Thumb Code    42  data_builder.o(i.inv_get_accel_set)
    inv_get_compass_bias                     0x0800c0e5   Thumb Code    20  data_builder.o(i.inv_get_compass_bias)
    inv_get_compass_correction               0x0800c0fd   Thumb Code    18  results_holder.o(i.inv_get_compass_correction)
    inv_get_compass_on                       0x0800c115   Thumb Code    12  data_builder.o(i.inv_get_compass_on)
    inv_get_compass_soft_iron_output_data    0x0800c125   Thumb Code    24  data_builder.o(i.inv_get_compass_soft_iron_output_data)
    inv_get_compass_state                    0x0800c141   Thumb Code     6  results_holder.o(i.inv_get_compass_state)
    inv_get_gravity                          0x0800c14d   Thumb Code    80  results_holder.o(i.inv_get_gravity)
    inv_get_gyro                             0x0800c1a1   Thumb Code    16  data_builder.o(i.inv_get_gyro)
    inv_get_gyro_accuracy                    0x0800c1b5   Thumb Code     6  data_builder.o(i.inv_get_gyro_accuracy)
    inv_get_gyro_bias                        0x0800c1c1   Thumb Code    34  data_builder.o(i.inv_get_gyro_bias)
    inv_get_gyro_bias_tc_set                 0x0800c1ed   Thumb Code    24  data_builder.o(i.inv_get_gyro_bias_tc_set)
    inv_get_gyro_on                          0x0800c209   Thumb Code    10  data_builder.o(i.inv_get_gyro_on)
    inv_get_gyro_sum_of_sqr                  0x0800c219   Thumb Code    24  ml_math_func.o(i.inv_get_gyro_sum_of_sqr)
    inv_get_large_mag_field                  0x0800c231   Thumb Code     6  results_holder.o(i.inv_get_large_mag_field)
    inv_get_last_timestamp                   0x0800c23d   Thumb Code    66  data_builder.o(i.inv_get_last_timestamp)
    inv_get_linear_accel                     0x0800c285   Thumb Code    62  results_holder.o(i.inv_get_linear_accel)
    inv_get_linear_accel_float               0x0800c2c5   Thumb Code    64  results_holder.o(i.inv_get_linear_accel_float)
    inv_get_local_field                      0x0800c309   Thumb Code    16  results_holder.o(i.inv_get_local_field)
    inv_get_mag_accuracy                     0x0800c31d   Thumb Code    22  data_builder.o(i.inv_get_mag_accuracy)
    inv_get_motion_state                     0x0800c33d   Thumb Code    12  results_holder.o(i.inv_get_motion_state)
    inv_get_quaternion                       0x0800c34d   Thumb Code    44  results_holder.o(i.inv_get_quaternion)
    inv_get_quaternion_set                   0x0800c37d   Thumb Code    64  results_holder.o(i.inv_get_quaternion_set)
    inv_get_sensor_type_euler                0x0800c3bd   Thumb Code   438  empl_outputs.o(i.inv_get_sensor_type_euler)
    inv_get_sensor_type_gravity              0x0800c599   Thumb Code    88  hal_outputs.o(i.inv_get_sensor_type_gravity)
    inv_got_compass_bias                     0x0800c5f9   Thumb Code     6  results_holder.o(i.inv_got_compass_bias)
    inv_gyro_was_turned_off                  0x0800c605   Thumb Code     8  data_builder.o(i.inv_gyro_was_turned_off)
    inv_init_data_builder                    0x0800c611   Thumb Code    44  data_builder.o(i.inv_init_data_builder)
    inv_init_mpl                             0x0800c661   Thumb Code    94  mpl.o(i.inv_init_mpl)
    inv_init_results_holder                  0x0800c6d9   Thumb Code    40  results_holder.o(i.inv_init_results_holder)
    inv_init_start_manager                   0x0800c709   Thumb Code    14  start_manager.o(i.inv_init_start_manager)
    inv_init_storage_manager                 0x0800c71d   Thumb Code    20  storage_manager.o(i.inv_init_storage_manager)
    inv_orientation_matrix_to_scalar         0x0800c735   Thumb Code    36  ml_math_func.o(i.inv_orientation_matrix_to_scalar)
    inv_q29_mult                             0x0800c759   Thumb Code    12  ml_math_func.o(i.inv_q29_mult)
    inv_q30_mult                             0x0800c765   Thumb Code    12  ml_math_func.o(i.inv_q30_mult)
    inv_q_add                                0x0800c771   Thumb Code    36  ml_math_func.o(i.inv_q_add)
    inv_q_addf                               0x0800c795   Thumb Code    66  ml_math_func.o(i.inv_q_addf)
    inv_q_invert                             0x0800c7d7   Thumb Code    24  ml_math_func.o(i.inv_q_invert)
    inv_q_invertf                            0x0800c7ef   Thumb Code    46  ml_math_func.o(i.inv_q_invertf)
    inv_q_mult                               0x0800c81d   Thumb Code   176  ml_math_func.o(i.inv_q_mult)
    inv_q_multf                              0x0800c8cd   Thumb Code   210  ml_math_func.o(i.inv_q_multf)
    inv_q_norm4                              0x0800c9a1   Thumb Code   126  ml_math_func.o(i.inv_q_norm4)
    inv_q_normalizef                         0x0800ca25   Thumb Code   174  ml_math_func.o(i.inv_q_normalizef)
    inv_q_rotate                             0x0800cad9   Thumb Code    62  ml_math_func.o(i.inv_q_rotate)
    inv_quaternion_sensor_was_turned_off     0x0800cb19   Thumb Code    10  data_builder.o(i.inv_quaternion_sensor_was_turned_off)
    inv_quaternion_to_rotation               0x0800cb29   Thumb Code   218  ml_math_func.o(i.inv_quaternion_to_rotation)
    inv_register_data_cb                     0x0800cc05   Thumb Code   164  data_builder.o(i.inv_register_data_cb)
    inv_register_load_store                  0x0800ccb5   Thumb Code   104  storage_manager.o(i.inv_register_load_store)
    inv_register_mpl_start_notification      0x0800cd21   Thumb Code    28  start_manager.o(i.inv_register_mpl_start_notification)
    inv_reset_compass_soft_iron_matrix       0x0800cd41   Thumb Code    68  data_builder.o(i.inv_reset_compass_soft_iron_matrix)
    inv_set_accel_accuracy                   0x0800cdd9   Thumb Code    22  data_builder.o(i.inv_set_accel_accuracy)
    inv_set_accel_bias                       0x0800cdf5   Thumb Code    70  data_builder.o(i.inv_set_accel_bias)
    inv_set_accel_bias_found                 0x0800ce41   Thumb Code     6  results_holder.o(i.inv_set_accel_bias_found)
    inv_set_accel_bias_mask                  0x0800ce4d   Thumb Code    74  data_builder.o(i.inv_set_accel_bias_mask)
    inv_set_accel_orientation_and_scale      0x0800cea1   Thumb Code    10  data_builder.o(i.inv_set_accel_orientation_and_scale)
    inv_set_accel_sample_rate                0x0800ceb1   Thumb Code    34  data_builder.o(i.inv_set_accel_sample_rate)
    inv_set_compass_bias                     0x0800cedd   Thumb Code    68  data_builder.o(i.inv_set_compass_bias)
    inv_set_compass_bias_error               0x0800cf25   Thumb Code    16  results_holder.o(i.inv_set_compass_bias_error)
    inv_set_compass_bias_found               0x0800cf39   Thumb Code     6  results_holder.o(i.inv_set_compass_bias_found)
    inv_set_compass_correction               0x0800cf45   Thumb Code    30  results_holder.o(i.inv_set_compass_correction)
    inv_set_compass_disturbance              0x0800cf69   Thumb Code     8  data_builder.o(i.inv_set_compass_disturbance)
    inv_set_compass_orientation_and_scale    0x0800cf75   Thumb Code    10  data_builder.o(i.inv_set_compass_orientation_and_scale)
    inv_set_compass_sample_rate              0x0800cf85   Thumb Code    34  data_builder.o(i.inv_set_compass_sample_rate)
    inv_set_compass_soft_iron_input_data     0x0800cfb1   Thumb Code    70  data_builder.o(i.inv_set_compass_soft_iron_input_data)
    inv_set_compass_state                    0x0800d001   Thumb Code     6  results_holder.o(i.inv_set_compass_state)
    inv_set_gyro_bias                        0x0800d0a1   Thumb Code    90  data_builder.o(i.inv_set_gyro_bias)
    inv_set_gyro_orientation_and_scale       0x0800d101   Thumb Code    10  data_builder.o(i.inv_set_gyro_orientation_and_scale)
    inv_set_gyro_sample_rate                 0x0800d111   Thumb Code    30  data_builder.o(i.inv_set_gyro_sample_rate)
    inv_set_message                          0x0800d139   Thumb Code    16  message_layer.o(i.inv_set_message)
    inv_set_motion_state                     0x0800d14d   Thumb Code    52  results_holder.o(i.inv_set_motion_state)
    inv_start_mpl                            0x0800d195   Thumb Code    34  mpl.o(i.inv_start_mpl)
    inv_start_results_holder                 0x0800d1d1   Thumb Code    18  results_holder.o(i.inv_start_results_holder)
    inv_store_gaming_quaternion              0x0800d1e9   Thumb Code    30  results_holder.o(i.inv_store_gaming_quaternion)
    inv_unregister_data_cb                   0x0800d20d   Thumb Code    86  data_builder.o(i.inv_unregister_data_cb)
    inv_unregister_mpl_start_notification    0x0800d269   Thumb Code    70  start_manager.o(i.inv_unregister_mpl_start_notification)
    log                                      0x0800d2b5   Thumb Code    16  log.o(i.log)
    main                                     0x0800d2c5   Thumb Code   126  main.o(i.main)
    mlMatrixVectorMult                       0x0800d34d   Thumb Code    50  ml_math_func.o(i.mlMatrixVectorMult)
    mpu_configure_fifo                       0x0800d381   Thumb Code    90  inv_mpu.o(i.mpu_configure_fifo)
    mpu_get_accel_fsr                        0x0800d3e1   Thumb Code    62  inv_mpu.o(i.mpu_get_accel_fsr)
    mpu_get_accel_reg                        0x0800d425   Thumb Code    98  inv_mpu.o(i.mpu_get_accel_reg)
    mpu_get_accel_sens                       0x0800d48d   Thumb Code    70  inv_mpu.o(i.mpu_get_accel_sens)
    mpu_get_compass_fsr                      0x0800d4d9   Thumb Code    12  inv_mpu.o(i.mpu_get_compass_fsr)
    mpu_get_compass_reg                      0x0800d4e9   Thumb Code   162  inv_mpu.o(i.mpu_get_compass_reg)
    mpu_get_fifo_config                      0x0800d591   Thumb Code    10  inv_mpu.o(i.mpu_get_fifo_config)
    mpu_get_gyro_fsr                         0x0800d5a1   Thumb Code    58  inv_mpu.o(i.mpu_get_gyro_fsr)
    mpu_get_gyro_sens                        0x0800d5e1   Thumb Code    68  inv_mpu.o(i.mpu_get_gyro_sens)
    mpu_get_lpf                              0x0800d639   Thumb Code    64  inv_mpu.o(i.mpu_get_lpf)
    mpu_get_sample_rate                      0x0800d67d   Thumb Code    24  inv_mpu.o(i.mpu_get_sample_rate)
    mpu_get_temperature                      0x0800d699   Thumb Code   118  inv_mpu.o(i.mpu_get_temperature)
    mpu_init                                 0x0800d72d   Thumb Code   240  inv_mpu.o(i.mpu_init)
    mpu_load_firmware                        0x0800d821   Thumb Code   174  inv_mpu.o(i.mpu_load_firmware)
    mpu_lp_accel_mode                        0x0800d8d5   Thumb Code   212  inv_mpu.o(i.mpu_lp_accel_mode)
    mpu_lp_motion_interrupt                  0x0800d9ad   Thumb Code   526  inv_mpu.o(i.mpu_lp_motion_interrupt)
    mpu_read_fifo                            0x0800dbc1   Thumb Code   416  inv_mpu.o(i.mpu_read_fifo)
    mpu_read_fifo_stream                     0x0800dd65   Thumb Code   170  inv_mpu.o(i.mpu_read_fifo_stream)
    mpu_read_mem                             0x0800de15   Thumb Code   100  inv_mpu.o(i.mpu_read_mem)
    mpu_reset_fifo                           0x0800de7d   Thumb Code   360  inv_mpu.o(i.mpu_reset_fifo)
    mpu_run_6500_self_test                   0x0800dfe9   Thumb Code   394  inv_mpu.o(i.mpu_run_6500_self_test)
    mpu_set_accel_fsr                        0x0800e291   Thumb Code   110  inv_mpu.o(i.mpu_set_accel_fsr)
    mpu_set_bypass                           0x0800e305   Thumb Code   276  inv_mpu.o(i.mpu_set_bypass)
    mpu_set_compass_sample_rate              0x0800e41d   Thumb Code    76  inv_mpu.o(i.mpu_set_compass_sample_rate)
    mpu_set_dmp_state                        0x0800e46d   Thumb Code   118  inv_mpu.o(i.mpu_set_dmp_state)
    mpu_set_gyro_fsr                         0x0800e4e9   Thumb Code   116  inv_mpu.o(i.mpu_set_gyro_fsr)
    mpu_set_int_latched                      0x0800e561   Thumb Code    92  inv_mpu.o(i.mpu_set_int_latched)
    mpu_set_lpf                              0x0800e5c1   Thumb Code   118  inv_mpu.o(i.mpu_set_lpf)
    mpu_set_sample_rate                      0x0800e63d   Thumb Code   140  inv_mpu.o(i.mpu_set_sample_rate)
    mpu_set_sensors                          0x0800e6cd   Thumb Code   306  inv_mpu.o(i.mpu_set_sensors)
    mpu_write_mem                            0x0800e805   Thumb Code   100  inv_mpu.o(i.mpu_write_mem)
    set_sensor_orientation_and_scale         0x0800eb79   Thumb Code     6  data_builder.o(i.set_sensor_orientation_and_scale)
    sinf                                     0x0800ed81   Thumb Code    16  sinf.o(i.sinf)
    sqrt                                     0x0800ed91   Thumb Code   110  sqrt.o(i.sqrt)
    sqrtf                                    0x0800edff   Thumb Code    62  sqrtf.o(i.sqrtf)
    reg                                      0x0800eee0   Data          42  inv_mpu.o(.constdata)
    hw                                       0x0800ef0a   Data          14  inv_mpu.o(.constdata)
    test                                     0x0800ef18   Data          48  inv_mpu.o(.constdata)
    ml_ver                                   0x0800fd3e   Data          20  mpl.o(.constdata)
    __mathlib_zero                           0x0800fdd8   Data           8  qnan.o(.constdata)
    Region$$Table$$Base                      0x0800ff40   Number         0  anon$$obj.o(Region$$Table)
    Region$$Table$$Limit                     0x0800ff60   Number         0  anon$$obj.o(Region$$Table)
    PWM_Motor                                0x20000000   Data           8  main.o(.data)
    SystemCoreClock                          0x20000008   Data           4  system_stm32f4xx.o(.data)
    AHBPrescTable                            0x2000000c   Data          16  system_stm32f4xx.o(.data)
    g_ul_ms_ticks                            0x20000020   Data           4  msystick.o(.data)
    mpl_key                                  0x20000024   Data           4  mpu_dmp.o(.data)
    TX_ADDRESS                               0x2000003a   Data           5  nrf24l01.o(.data)
    RX_ADDRESS                               0x2000003f   Data           5  nrf24l01.o(.data)
    UPPerdata                                0x200000a0   Data          32  main.o(.bss)
    Remote_data_raw                          0x200000c0   Data          10  main.o(.bss)
    Remote_data                              0x200000cc   Data          20  main.o(.bss)
    Measure_data                             0x200000e0   Data          20  main.o(.bss)
    pid_pitch_rate                           0x20000118   Data          52  pid_control.o(.bss)
    pid_roll_rate                            0x2000014c   Data          52  pid_control.o(.bss)
    pid_yaw_rate                             0x20000180   Data          52  pid_control.o(.bss)
    pid_pitch_angle                          0x200001b4   Data          52  pid_control.o(.bss)
    pid_roll_angle                           0x200001e8   Data          52  pid_control.o(.bss)
    pid_yaw_angle                            0x2000021c   Data          52  pid_control.o(.bss)
    f                                        0x20000292   Data          13  log_stm32.o(.bss)
    data_to_send                             0x2000029f   Data          32  log_stm32.o(.bss)
    sensors                                  0x20000428   Data         408  data_builder.o(.bss)
    cb                                       0x200008f8   Data         232  compass_vec_cal.o(.bss)
    cb_test                                  0x200009e0   Data         232  compass_vec_cal.o(.bss)
    cb_sim                                   0x20000ac8   Data         232  compass_vec_cal.o(.bss)
    vc                                       0x20000bb0   Data         424  compass_vec_cal.o(.bss)
    fnm                                      0x20000d58   Data         608  fast_no_motion.o(.bss)
    s9axis                                   0x20000ff8   Data         312  fusion_9axis.o(.bss)
    mag_disturb                              0x200012f4   Data         184  mag_disturb.o(.bss)
    __initial_sp                             0x20001cd0   Data           0  startup_stm32f40xx.o(STACK)



==============================================================================

Memory Map of the image

  Image Entry point : 0x08000189

  Load Region LR_IROM1 (Base: 0x08000000, Size: 0x00010000, Max: 0x00100000, ABSOLUTE)

    Execution Region ER_IROM1 (Exec base: 0x08000000, Load base: 0x08000000, Size: 0x0000ff60, Max: 0x00100000, ABSOLUTE)

    Exec Addr    Load Addr    Size         Type   Attr      Idx    E Section Name        Object

    0x08000000   0x08000000   0x00000188   Data   RO          485    RESET               startup_stm32f40xx.o
    0x08000188   0x08000188   0x00000000   Code   RO         5947  * .ARM.Collect$$$$00000000  mc_w.l(entry.o)
    0x08000188   0x08000188   0x00000004   Code   RO         6357    .ARM.Collect$$$$00000001  mc_w.l(entry2.o)
    0x0800018c   0x0800018c   0x00000004   Code   RO         6360    .ARM.Collect$$$$00000004  mc_w.l(entry5.o)
    0x08000190   0x08000190   0x00000000   Code   RO         6362    .ARM.Collect$$$$00000008  mc_w.l(entry7b.o)
    0x08000190   0x08000190   0x00000000   Code   RO         6364    .ARM.Collect$$$$0000000A  mc_w.l(entry8b.o)
    0x08000190   0x08000190   0x00000008   Code   RO         6365    .ARM.Collect$$$$0000000B  mc_w.l(entry9a.o)
    0x08000198   0x08000198   0x00000000   Code   RO         6367    .ARM.Collect$$$$0000000D  mc_w.l(entry10a.o)
    0x08000198   0x08000198   0x00000000   Code   RO         6369    .ARM.Collect$$$$0000000F  mc_w.l(entry11a.o)
    0x08000198   0x08000198   0x00000004   Code   RO         6358    .ARM.Collect$$$$00002712  mc_w.l(entry2.o)
    0x0800019c   0x0800019c   0x00000024   Code   RO          486    .text               startup_stm32f40xx.o
    0x080001c0   0x080001c0   0x00001e5c   Code   RO         5507    .text               libmpllib.lib(compass_vec_cal.o)
    0x0800201c   0x0800201c   0x000009f4   Code   RO         5597    .text               libmpllib.lib(fast_no_motion.o)
    0x08002a10   0x08002a10   0x0000065c   Code   RO         5630    .text               libmpllib.lib(fusion_9axis.o)
    0x0800306c   0x0800306c   0x000004bc   Code   RO         5652    .text               libmpllib.lib(gyro_tc.o)
    0x08003528   0x08003528   0x00000550   Code   RO         5670    .text               libmpllib.lib(mag_disturb.o)
    0x08003a78   0x08003a78   0x00000940   Code   RO         5692    .text               libmpllib.lib(quaternion_supervisor.o)
    0x080043b8   0x080043b8   0x00000aec   Code   RO         5710    .text               libmpllib.lib(accel_auto_cal.o)
    0x08004ea4   0x08004ea4   0x00000062   Code   RO         5950    .text               mc_w.l(ldiv.o)
    0x08004f06   0x08004f06   0x0000001e   Code   RO         5952    .text               mc_w.l(llshl.o)
    0x08004f24   0x08004f24   0x00000024   Code   RO         5954    .text               mc_w.l(llsshr.o)
    0x08004f48   0x08004f48   0x00000040   Code   RO         5986    .text               mc_w.l(memmovea.o)
    0x08004f88   0x08004f88   0x00000024   Code   RO         5988    .text               mc_w.l(memseta.o)
    0x08004fac   0x08004fac   0x0000000e   Code   RO         5992    .text               mc_w.l(strlen.o)
    0x08004fba   0x08004fba   0x0000001a   Code   RO         5994    .text               mc_w.l(memcmp.o)
    0x08004fd4   0x08004fd4   0x000000b0   Code   RO         6261    .text               mf_w.l(fadd.o)
    0x08005084   0x08005084   0x00000064   Code   RO         6263    .text               mf_w.l(fmul.o)
    0x080050e8   0x080050e8   0x0000007c   Code   RO         6265    .text               mf_w.l(fdiv.o)
    0x08005164   0x08005164   0x00000018   Code   RO         6267    .text               mf_w.l(fscalb.o)
    0x0800517c   0x0800517c   0x0000014e   Code   RO         6269    .text               mf_w.l(dadd.o)
    0x080052ca   0x080052ca   0x000000e4   Code   RO         6271    .text               mf_w.l(dmul.o)
    0x080053ae   0x080053ae   0x000000de   Code   RO         6273    .text               mf_w.l(ddiv.o)
    0x0800548c   0x0800548c   0x0000002e   Code   RO         6275    .text               mf_w.l(dscalb.o)
    0x080054ba   0x080054ba   0x00000012   Code   RO         6277    .text               mf_w.l(fflti.o)
    0x080054cc   0x080054cc   0x0000000a   Code   RO         6279    .text               mf_w.l(ffltui.o)
    0x080054d6   0x080054d6   0x0000002c   Code   RO         6281    .text               mf_w.l(ffltl.o)
    0x08005502   0x08005502   0x00000022   Code   RO         6283    .text               mf_w.l(dflti.o)
    0x08005524   0x08005524   0x0000001a   Code   RO         6285    .text               mf_w.l(dfltui.o)
    0x0800553e   0x0800553e   0x00000032   Code   RO         6287    .text               mf_w.l(ffixi.o)
    0x08005570   0x08005570   0x00000042   Code   RO         6289    .text               mf_w.l(ffixl.o)
    0x080055b2   0x080055b2   0x0000003e   Code   RO         6291    .text               mf_w.l(dfixi.o)
    0x080055f0   0x080055f0   0x00000026   Code   RO         6293    .text               mf_w.l(f2d.o)
    0x08005616   0x08005616   0x00000002   PAD
    0x08005618   0x08005618   0x00000030   Code   RO         6295    .text               mf_w.l(cdcmple.o)
    0x08005648   0x08005648   0x00000030   Code   RO         6297    .text               mf_w.l(cdrcmple.o)
    0x08005678   0x08005678   0x00000038   Code   RO         6299    .text               mf_w.l(d2f.o)
    0x080056b0   0x080056b0   0x00000014   Code   RO         6301    .text               mf_w.l(cfcmple.o)
    0x080056c4   0x080056c4   0x00000014   Code   RO         6303    .text               mf_w.l(cfrcmple.o)
    0x080056d8   0x080056d8   0x0000002c   Code   RO         6372    .text               mc_w.l(uidiv.o)
    0x08005704   0x08005704   0x00000062   Code   RO         6374    .text               mc_w.l(uldiv.o)
    0x08005766   0x08005766   0x00000020   Code   RO         6376    .text               mc_w.l(llushr.o)
    0x08005786   0x08005786   0x00000000   Code   RO         6385    .text               mc_w.l(iusefp.o)
    0x08005786   0x08005786   0x0000006e   Code   RO         6386    .text               mf_w.l(fepilogue.o)
    0x080057f4   0x080057f4   0x000000ba   Code   RO         6388    .text               mf_w.l(depilogue.o)
    0x080058ae   0x080058ae   0x000000a2   Code   RO         6392    .text               mf_w.l(dsqrt.o)
    0x08005950   0x08005950   0x00000030   Code   RO         6394    .text               mf_w.l(dfixul.o)
    0x08005980   0x08005980   0x00000024   Code   RO         6396    .text               mc_w.l(init.o)
    0x080059a4   0x080059a4   0x00000018   Code   RO          547    i.ADC_Cmd           stm32f4xx_adc.o
    0x080059bc   0x080059bc   0x00000028   Code   RO          548    i.ADC_CommonInit    stm32f4xx_adc.o
    0x080059e4   0x080059e4   0x00000018   Code   RO          553    i.ADC_DeInit        stm32f4xx_adc.o
    0x080059fc   0x080059fc   0x00000006   Code   RO          559    i.ADC_GetConversionValue  stm32f4xx_adc.o
    0x08005a02   0x08005a02   0x0000000e   Code   RO          560    i.ADC_GetFlagStatus  stm32f4xx_adc.o
    0x08005a10   0x08005a10   0x0000004c   Code   RO          567    i.ADC_Init          stm32f4xx_adc.o
    0x08005a5c   0x08005a5c   0x00000074   Code   RO          572    i.ADC_RegularChannelConfig  stm32f4xx_adc.o
    0x08005ad0   0x08005ad0   0x0000000a   Code   RO          574    i.ADC_SoftwareStartConv  stm32f4xx_adc.o
    0x08005ada   0x08005ada   0x00000002   PAD
    0x08005adc   0x08005adc   0x000000ac   Code   RO         2577    i.ADC_filter_return  adc_init.o
    0x08005b88   0x08005b88   0x00000090   Code   RO         2580    i.ADC_init          adc_init.o
    0x08005c18   0x08005c18   0x00000160   Code   RO         4029    i.ANO_DT_Data_Exchange  log_stm32.o
    0x08005d78   0x08005d78   0x00000002   Code   RO          341    i.BusFault_Handler  stm32f4xx_it.o
    0x08005d7a   0x08005d7a   0x00000002   PAD
    0x08005d7c   0x08005d7c   0x000002e0   Code   RO         4030    i.Data_Receive_ANO_Anlyze  log_stm32.o
    0x0800605c   0x0800605c   0x0000009c   Code   RO         4031    i.Data_Receive_ANO_Prepare  log_stm32.o
    0x080060f8   0x080060f8   0x00000060   Code   RO         4032    i.Data_Send_ANO_Battery_V  log_stm32.o
    0x08006158   0x08006158   0x00000088   Code   RO         4033    i.Data_Send_ANO_Sensors  log_stm32.o
    0x080061e0   0x080061e0   0x000000b0   Code   RO         4034    i.Data_Send_ANO_Status  log_stm32.o
    0x08006290   0x08006290   0x00000002   Code   RO          342    i.DebugMon_Handler  stm32f4xx_it.o
    0x08006292   0x08006292   0x00000002   PAD
    0x08006294   0x08006294   0x0000004c   Code   RO         2913    i.Delay_ms          delay.o
    0x080062e0   0x080062e0   0x0000002c   Code   RO         2622    i.EXTI0_IRQHandler  exit_init.o
    0x0800630c   0x0800630c   0x00000020   Code   RO         2623    i.EXTI15_10_IRQHandler  exit_init.o
    0x0800632c   0x0800632c   0x0000000c   Code   RO          788    i.EXTI_ClearITPendingBit  stm32f4xx_exti.o
    0x08006338   0x08006338   0x00000014   Code   RO          792    i.EXTI_GetITStatus  stm32f4xx_exti.o
    0x0800634c   0x0800634c   0x00000074   Code   RO          793    i.EXTI_Init         stm32f4xx_exti.o
    0x080063c0   0x080063c0   0x000000b8   Code   RO         2624    i.EXTI_init         exit_init.o
    0x08006478   0x08006478   0x0000007c   Code   RO          854    i.GPIO_Init         stm32f4xx_gpio.o
    0x080064f4   0x080064f4   0x00000020   Code   RO          855    i.GPIO_PinAFConfig  stm32f4xx_gpio.o
    0x08006514   0x08006514   0x0000000e   Code   RO          858    i.GPIO_ReadInputDataBit  stm32f4xx_gpio.o
    0x08006522   0x08006522   0x00000004   Code   RO          861    i.GPIO_ResetBits    stm32f4xx_gpio.o
    0x08006526   0x08006526   0x00000004   Code   RO          862    i.GPIO_SetBits      stm32f4xx_gpio.o
    0x0800652a   0x0800652a   0x00000002   PAD
    0x0800652c   0x0800652c   0x0000000c   Code   RO         2687    i.Get_I2C_Retry     iic_init.o
    0x08006538   0x08006538   0x00000002   Code   RO          343    i.HardFault_Handler  stm32f4xx_it.o
    0x0800653a   0x0800653a   0x00000002   PAD
    0x0800653c   0x0800653c   0x0000003c   Code   RO         2688    i.IIC_Ack           iic_init.o
    0x08006578   0x08006578   0x0000003c   Code   RO         2689    i.IIC_NAck          iic_init.o
    0x080065b4   0x080065b4   0x00000060   Code   RO         2692    i.IIC_Read_data     iic_init.o
    0x08006614   0x08006614   0x00000052   Code   RO         2693    i.IIC_Read_register_bytes  iic_init.o
    0x08006666   0x08006666   0x00000002   PAD
    0x08006668   0x08006668   0x00000078   Code   RO         2695    i.IIC_Send_data     iic_init.o
    0x080066e0   0x080066e0   0x00000070   Code   RO         2696    i.IIC_Send_data_t   iic_init.o
    0x08006750   0x08006750   0x00000036   Code   RO         2698    i.IIC_Send_register_bytes  iic_init.o
    0x08006786   0x08006786   0x00000002   PAD
    0x08006788   0x08006788   0x00000050   Code   RO         2699    i.IIC_init          iic_init.o
    0x080067d8   0x080067d8   0x00000080   Code   RO         2700    i.IIC_send_7bitaddress  iic_init.o
    0x08006858   0x08006858   0x00000068   Code   RO         2701    i.IIC_start         iic_init.o
    0x080068c0   0x080068c0   0x0000003c   Code   RO         2702    i.IIC_stop          iic_init.o
    0x080068fc   0x080068fc   0x0000006c   Code   RO         2703    i.IIC_wait_Ack      iic_init.o
    0x08006968   0x08006968   0x00000050   Code   RO         2943    i.LED_Init          led.o
    0x080069b8   0x080069b8   0x00000022   Code   RO         3011    i.MPU_Check         mpux_init.o
    0x080069da   0x080069da   0x00000002   PAD
    0x080069dc   0x080069dc   0x000001ec   Code   RO         3135    i.MPU_DMP_Loop      mpu_dmp.o
    0x08006bc8   0x08006bc8   0x000001ec   Code   RO         3082    i.MPU_DMP_Setup     mpu_dmp.o
    0x08006db4   0x08006db4   0x00000060   Code   RO         3012    i.MPU_Self_checking  mpux_init.o
    0x08006e14   0x08006e14   0x00000024   Code   RO            4    i.Meausure_Pinit    main.o
    0x08006e38   0x08006e38   0x00000002   Code   RO          344    i.MemManage_Handler  stm32f4xx_it.o
    0x08006e3a   0x08006e3a   0x00000002   Code   RO          345    i.NMI_Handler       stm32f4xx_it.o
    0x08006e3c   0x08006e3c   0x00000048   Code   RO         3217    i.NRF24L01_Self_checking  nrf24l01.o
    0x08006e84   0x08006e84   0x0000004c   Code   RO         3218    i.NRF_Check         nrf24l01.o
    0x08006ed0   0x08006ed0   0x0000004a   Code   RO         3154    i.NRF_Datac_pc_ascll  nrf_usart_module.o
    0x08006f1a   0x08006f1a   0x00000002   PAD
    0x08006f1c   0x08006f1c   0x0000004c   Code   RO         3219    i.NRF_Read_Buf      nrf24l01.o
    0x08006f68   0x08006f68   0x00000034   Code   RO         3220    i.NRF_Read_Reg      nrf24l01.o
    0x08006f9c   0x08006f9c   0x00000060   Code   RO         3223    i.NRF_Rx_data       nrf24l01.o
    0x08006ffc   0x08006ffc   0x0000005c   Code   RO         3225    i.NRF_Rx_mode       nrf24l01.o
    0x08007058   0x08007058   0x00000118   Code   RO         3227    i.NRF_SPI_init      nrf24l01.o
    0x08007170   0x08007170   0x00000060   Code   RO         3229    i.NRF_Tx_data       nrf24l01.o
    0x080071d0   0x080071d0   0x0000006c   Code   RO         3230    i.NRF_Tx_mode       nrf24l01.o
    0x0800723c   0x0800723c   0x0000003e   Code   RO         3159    i.NRF_USART_Send_char  nrf_usart_module.o
    0x0800727a   0x0800727a   0x00000002   PAD
    0x0800727c   0x0800727c   0x0000004c   Code   RO         3232    i.NRF_Write_Buf     nrf24l01.o
    0x080072c8   0x080072c8   0x00000038   Code   RO         3233    i.NRF_Write_Reg     nrf24l01.o
    0x08007300   0x08007300   0x00000068   Code   RO          493    i.NVIC_Init         misc.o
    0x08007368   0x08007368   0x00000014   Code   RO          494    i.NVIC_PriorityGroupConfig  misc.o
    0x0800737c   0x0800737c   0x000000bc   Code   RO         3359    i.PID_Controler     pid_control.o
    0x08007438   0x08007438   0x00000034   Code   RO         3360    i.PID_Pitch_angle   pid_control.o
    0x0800746c   0x0800746c   0x00000034   Code   RO         3361    i.PID_Pitch_rate    pid_control.o
    0x080074a0   0x080074a0   0x00000034   Code   RO         3362    i.PID_Roll_angle    pid_control.o
    0x080074d4   0x080074d4   0x00000034   Code   RO         3363    i.PID_Roll_rate     pid_control.o
    0x08007508   0x08007508   0x00000034   Code   RO         3364    i.PID_Yaw_angle     pid_control.o
    0x0800753c   0x0800753c   0x00000034   Code   RO         3365    i.PID_Yaw_rate      pid_control.o
    0x08007570   0x08007570   0x00000070   Code   RO         3366    i.PID_all_init_cl   pid_control.o
    0x080075e0   0x080075e0   0x000000b4   Code   RO         2883    i.PWM_Generate_4    pwm_timx_init.o
    0x08007694   0x08007694   0x0000015c   Code   RO         2884    i.PWM_Timer_init    pwm_timx_init.o
    0x080077f0   0x080077f0   0x00000002   Code   RO          346    i.PendSV_Handler    stm32f4xx_it.o
    0x080077f2   0x080077f2   0x00000002   PAD
    0x080077f4   0x080077f4   0x0000001c   Code   RO         1183    i.RCC_AHB1PeriphClockCmd  stm32f4xx_rcc.o
    0x08007810   0x08007810   0x0000001c   Code   RO         1194    i.RCC_APB1PeriphResetCmd  stm32f4xx_rcc.o
    0x0800782c   0x0800782c   0x0000001c   Code   RO         1195    i.RCC_APB2PeriphClockCmd  stm32f4xx_rcc.o
    0x08007848   0x08007848   0x0000001c   Code   RO         1197    i.RCC_APB2PeriphResetCmd  stm32f4xx_rcc.o
    0x08007864   0x08007864   0x00000028   Code   RO            5    i.RemoteControl_Pinit  main.o
    0x0800788c   0x0800788c   0x00000018   Code   RO            6    i.RemoteControl_Raw_simul  main.o
    0x080078a4   0x080078a4   0x00000018   Code   RO         1527    i.SPI_Cmd           stm32f4xx_spi.o
    0x080078bc   0x080078bc   0x0000000e   Code   RO         1535    i.SPI_I2S_GetFlagStatus  stm32f4xx_spi.o
    0x080078ca   0x080078ca   0x00000004   Code   RO         1538    i.SPI_I2S_ReceiveData  stm32f4xx_spi.o
    0x080078ce   0x080078ce   0x00000004   Code   RO         1539    i.SPI_I2S_SendData  stm32f4xx_spi.o
    0x080078d2   0x080078d2   0x00000038   Code   RO         1540    i.SPI_Init          stm32f4xx_spi.o
    0x0800790a   0x0800790a   0x00000002   PAD
    0x0800790c   0x0800790c   0x00000050   Code   RO         3235    i.SPI_NRF_RW_byte   nrf24l01.o
    0x0800795c   0x0800795c   0x0000001a   Code   RO         2704    i.ST_Hard_Sensors_I2C_ReadRegister  iic_init.o
    0x08007976   0x08007976   0x0000001a   Code   RO         2705    i.ST_Hard_Sensors_I2C_WriteRegister  iic_init.o
    0x08007990   0x08007990   0x00000002   Code   RO          347    i.SVC_Handler       stm32f4xx_it.o
    0x08007992   0x08007992   0x00000002   PAD
    0x08007994   0x08007994   0x0000002c   Code   RO         2450    i.SYSCFG_EXTILineConfig  stm32f4xx_syscfg.o
    0x080079c0   0x080079c0   0x00000034   Code   RO         4035    i.Send_ANO_Check    log_stm32.o
    0x080079f4   0x080079f4   0x00000130   Code   RO         4036    i.Send_ANO_PID      log_stm32.o
    0x08007b24   0x08007b24   0x0000003e   Code   RO         2706    i.Sensors_I2C_ReadRegister  iic_init.o
    0x08007b62   0x08007b62   0x0000003e   Code   RO         2707    i.Sensors_I2C_WriteRegister  iic_init.o
    0x08007ba0   0x08007ba0   0x000000b8   Code   RO          423    i.SetSysClock       system_stm32f4xx.o
    0x08007c58   0x08007c58   0x00000006   Code   RO         2709    i.Soft_I2C_Delay    iic_init.o
    0x08007c5e   0x08007c5e   0x00000004   Code   RO          348    i.SysTick_Handler   stm32f4xx_it.o
    0x08007c62   0x08007c62   0x00000002   PAD
    0x08007c64   0x08007c64   0x00000044   Code   RO         2839    i.SysTick_Init      msystick.o
    0x08007ca8   0x08007ca8   0x0000005c   Code   RO          425    i.SystemInit        system_stm32f4xx.o
    0x08007d04   0x08007d04   0x00000018   Code   RO         1693    i.TIM_ARRPreloadConfig  stm32f4xx_tim.o
    0x08007d1c   0x08007d1c   0x00000018   Code   RO         1705    i.TIM_Cmd           stm32f4xx_tim.o
    0x08007d34   0x08007d34   0x0000001c   Code   RO         1707    i.TIM_CtrlPWMOutputs  stm32f4xx_tim.o
    0x08007d50   0x08007d50   0x000001ac   Code   RO         1710    i.TIM_DeInit        stm32f4xx_tim.o
    0x08007efc   0x08007efc   0x00000068   Code   RO         1734    i.TIM_OC1Init       stm32f4xx_tim.o
    0x08007f64   0x08007f64   0x0000000c   Code   RO         1737    i.TIM_OC1PreloadConfig  stm32f4xx_tim.o
    0x08007f70   0x08007f70   0x00000088   Code   RO         1739    i.TIM_OC2Init       stm32f4xx_tim.o
    0x08007ff8   0x08007ff8   0x00000014   Code   RO         1742    i.TIM_OC2PreloadConfig  stm32f4xx_tim.o
    0x0800800c   0x0800800c   0x00000084   Code   RO         1744    i.TIM_OC3Init       stm32f4xx_tim.o
    0x08008090   0x08008090   0x0000000c   Code   RO         1747    i.TIM_OC3PreloadConfig  stm32f4xx_tim.o
    0x0800809c   0x0800809c   0x00000064   Code   RO         1749    i.TIM_OC4Init       stm32f4xx_tim.o
    0x08008100   0x08008100   0x00000014   Code   RO         1751    i.TIM_OC4PreloadConfig  stm32f4xx_tim.o
    0x08008114   0x08008114   0x00000004   Code   RO         1767    i.TIM_SetCompare1   stm32f4xx_tim.o
    0x08008118   0x08008118   0x00000004   Code   RO         1768    i.TIM_SetCompare2   stm32f4xx_tim.o
    0x0800811c   0x0800811c   0x00000004   Code   RO         1769    i.TIM_SetCompare3   stm32f4xx_tim.o
    0x08008120   0x08008120   0x00000004   Code   RO         1770    i.TIM_SetCompare4   stm32f4xx_tim.o
    0x08008124   0x08008124   0x0000007c   Code   RO         1777    i.TIM_TimeBaseInit  stm32f4xx_tim.o
    0x080081a0   0x080081a0   0x00000010   Code   RO         2840    i.TimeStamp_Increment  msystick.o
    0x080081b0   0x080081b0   0x0000022c   Code   RO         3368    i.UVA_Controler     pid_control.o
    0x080083dc   0x080083dc   0x00000002   Code   RO          349    i.UsageFault_Handler  stm32f4xx_it.o
    0x080083de   0x080083de   0x00000094   Code   RO         4037    i._MLPrintLog       log_stm32.o
    0x08008472   0x08008472   0x00000002   PAD
    0x08008474   0x08008474   0x00000024   Code   RO         6239    i.__0vsprintf       mc_w.l(printfa.o)
    0x08008498   0x08008498   0x00000030   Code   RO         6322    i.__ARM_fpclassify  m_wm.l(fpclassify.o)
    0x080084c8   0x080084c8   0x00000026   Code   RO         6324    i.__ARM_fpclassifyf  m_wm.l(fpclassifyf.o)
    0x080084ee   0x080084ee   0x00000002   PAD
    0x080084f0   0x080084f0   0x00000118   Code   RO         5753    i.__hardfp_acosf    m_wm.l(acosf.o)
    0x08008608   0x08008608   0x00000250   Code   RO         5817    i.__hardfp_atan2f   m_wm.l(atan2f.o)
    0x08008858   0x08008858   0x000000c8   Code   RO         5835    i.__hardfp_cos      m_wm.l(cos.o)
    0x08008920   0x08008920   0x00000150   Code   RO         5847    i.__hardfp_cosf     m_wm.l(cosf.o)
    0x08008a70   0x08008a70   0x00000014   Code   RO         5859    i.__hardfp_fabs     m_wm.l(fabs.o)
    0x08008a84   0x08008a84   0x00000004   PAD
    0x08008a88   0x08008a88   0x000003c4   Code   RO         5871    i.__hardfp_log      m_wm.l(log.o)
    0x08008e4c   0x08008e4c   0x00000190   Code   RO         5911    i.__hardfp_sinf     m_wm.l(sinf.o)
    0x08008fdc   0x08008fdc   0x0000003a   Code   RO         5935    i.__hardfp_sqrtf    m_wm.l(sqrtf.o)
    0x08009016   0x08009016   0x00000002   PAD
    0x08009018   0x08009018   0x00000438   Code   RO         6343    i.__ieee754_rem_pio2  m_wm.l(rred.o)
    0x08009450   0x08009450   0x00000170   Code   RO         6305    i.__kernel_cos      m_wm.l(cos_i.o)
    0x080095c0   0x080095c0   0x000000f8   Code   RO         6340    i.__kernel_poly     m_wm.l(poly.o)
    0x080096b8   0x080096b8   0x00000130   Code   RO         6351    i.__kernel_sin      m_wm.l(sin_i.o)
    0x080097e8   0x080097e8   0x00000030   Code   RO         6308    i.__mathlib_dbl_divzero  m_wm.l(dunder.o)
    0x08009818   0x08009818   0x00000014   Code   RO         6309    i.__mathlib_dbl_infnan  m_wm.l(dunder.o)
    0x0800982c   0x0800982c   0x00000004   PAD
    0x08009830   0x08009830   0x00000020   Code   RO         6311    i.__mathlib_dbl_invalid  m_wm.l(dunder.o)
    0x08009850   0x08009850   0x00000020   Code   RO         6314    i.__mathlib_dbl_underflow  m_wm.l(dunder.o)
    0x08009870   0x08009870   0x00000006   Code   RO         6327    i.__mathlib_flt_infnan  m_wm.l(funder.o)
    0x08009876   0x08009876   0x00000006   Code   RO         6328    i.__mathlib_flt_infnan2  m_wm.l(funder.o)
    0x0800987c   0x0800987c   0x00000010   Code   RO         6329    i.__mathlib_flt_invalid  m_wm.l(funder.o)
    0x0800988c   0x0800988c   0x00000010   Code   RO         6332    i.__mathlib_flt_underflow  m_wm.l(funder.o)
    0x0800989c   0x0800989c   0x00000154   Code   RO         6348    i.__mathlib_rredf2  m_wm.l(rredf.o)
    0x080099f0   0x080099f0   0x00000030   Code   RO         5159    i.__print_result_location  mpl.o
    0x08009a20   0x08009a20   0x0000000e   Code   RO         6400    i.__scatterload_copy  mc_w.l(handlers.o)
    0x08009a2e   0x08009a2e   0x00000002   Code   RO         6401    i.__scatterload_null  mc_w.l(handlers.o)
    0x08009a30   0x08009a30   0x0000000e   Code   RO         6402    i.__scatterload_zeroinit  mc_w.l(handlers.o)
    0x08009a3e   0x08009a3e   0x00000002   PAD
    0x08009a40   0x08009a40   0x0000000c   Code   RO         6380    i.__set_errno       mc_w.l(errno.o)
    0x08009a4c   0x08009a4c   0x00000184   Code   RO         6240    i._fp_digits        mc_w.l(printfa.o)
    0x08009bd0   0x08009bd0   0x000006dc   Code   RO         6241    i._printf_core      mc_w.l(printfa.o)
    0x0800a2ac   0x0800a2ac   0x00000024   Code   RO         6242    i._printf_post_padding  mc_w.l(printfa.o)
    0x0800a2d0   0x0800a2d0   0x0000002e   Code   RO         6243    i._printf_pre_padding  mc_w.l(printfa.o)
    0x0800a2fe   0x0800a2fe   0x0000000a   Code   RO         6245    i._sputc            mc_w.l(printfa.o)
    0x0800a308   0x0800a308   0x000004f8   Code   RO         3493    i.accel_6500_self_test  inv_mpu.o
    0x0800a800   0x0800a800   0x00000010   Code   RO         5755    i.acosf             m_wm.l(acosf.o)
    0x0800a810   0x0800a810   0x00000118   Code   RO         3494    i.compass_self_test  inv_mpu.o
    0x0800a928   0x0800a928   0x00000010   Code   RO         5837    i.cos               m_wm.l(cos.o)
    0x0800a938   0x0800a938   0x00000010   Code   RO         5849    i.cosf              m_wm.l(cosf.o)
    0x0800a948   0x0800a948   0x0000003c   Code   RO         3832    i.decode_gesture    inv_mpu_dmp_motion_driver.o
    0x0800a984   0x0800a984   0x0000003c   Code   RO         3833    i.dmp_enable_6x_lp_quat  inv_mpu_dmp_motion_driver.o
    0x0800a9c0   0x0800a9c0   0x000001ec   Code   RO         3834    i.dmp_enable_feature  inv_mpu_dmp_motion_driver.o
    0x0800abac   0x0800abac   0x00000058   Code   RO         3835    i.dmp_enable_gyro_cal  inv_mpu_dmp_motion_driver.o
    0x0800ac04   0x0800ac04   0x0000003c   Code   RO         3836    i.dmp_enable_lp_quat  inv_mpu_dmp_motion_driver.o
    0x0800ac40   0x0800ac40   0x00000014   Code   RO         3841    i.dmp_load_motion_driver_firmware  inv_mpu_dmp_motion_driver.o
    0x0800ac54   0x0800ac54   0x00000184   Code   RO         3842    i.dmp_read_fifo     inv_mpu_dmp_motion_driver.o
    0x0800add8   0x0800add8   0x0000000c   Code   RO         3844    i.dmp_register_tap_cb  inv_mpu_dmp_motion_driver.o
    0x0800ade4   0x0800ade4   0x00000070   Code   RO         3846    i.dmp_set_fifo_rate  inv_mpu_dmp_motion_driver.o
    0x0800ae54   0x0800ae54   0x00000030   Code   RO         3852    i.dmp_set_shake_reject_thresh  inv_mpu_dmp_motion_driver.o
    0x0800ae84   0x0800ae84   0x00000020   Code   RO         3853    i.dmp_set_shake_reject_time  inv_mpu_dmp_motion_driver.o
    0x0800aea4   0x0800aea4   0x00000020   Code   RO         3854    i.dmp_set_shake_reject_timeout  inv_mpu_dmp_motion_driver.o
    0x0800aec4   0x0800aec4   0x00000038   Code   RO         3855    i.dmp_set_tap_axes  inv_mpu_dmp_motion_driver.o
    0x0800aefc   0x0800aefc   0x00000022   Code   RO         3856    i.dmp_set_tap_count  inv_mpu_dmp_motion_driver.o
    0x0800af1e   0x0800af1e   0x00000002   PAD
    0x0800af20   0x0800af20   0x0000019c   Code   RO         3857    i.dmp_set_tap_thresh  inv_mpu_dmp_motion_driver.o
    0x0800b0bc   0x0800b0bc   0x00000020   Code   RO         3858    i.dmp_set_tap_time  inv_mpu_dmp_motion_driver.o
    0x0800b0dc   0x0800b0dc   0x00000020   Code   RO         3859    i.dmp_set_tap_time_multi  inv_mpu_dmp_motion_driver.o
    0x0800b0fc   0x0800b0fc   0x00000018   Code   RO         5861    i.fabs              m_wm.l(fabs.o)
    0x0800b114   0x0800b114   0x000005ac   Code   RO         3495    i.get_st_6500_biases  inv_mpu.o
    0x0800b6c0   0x0800b6c0   0x00000010   Code   RO         2841    i.get_tick_count    msystick.o
    0x0800b6d0   0x0800b6d0   0x000004b0   Code   RO         3497    i.gyro_6500_self_test  inv_mpu.o
    0x0800bb80   0x0800bb80   0x0000000c   Code   RO         3083    i.gyro_data_ready_cb  mpu_dmp.o
    0x0800bb8c   0x0800bb8c   0x0000000c   Code   RO         4208    i.inv_accel_was_turned_off  data_builder.o
    0x0800bb98   0x0800bb98   0x0000006a   Code   RO         4209    i.inv_apply_calibration  data_builder.o
    0x0800bc02   0x0800bc02   0x00000002   PAD
    0x0800bc04   0x0800bc04   0x00000068   Code   RO         4210    i.inv_build_accel   data_builder.o
    0x0800bc6c   0x0800bc6c   0x0000007c   Code   RO         4211    i.inv_build_compass  data_builder.o
    0x0800bce8   0x0800bce8   0x00000030   Code   RO         4212    i.inv_build_gyro    data_builder.o
    0x0800bd18   0x0800bd18   0x00000030   Code   RO         4213    i.inv_build_quat    data_builder.o
    0x0800bd48   0x0800bd48   0x0000001c   Code   RO         4214    i.inv_build_temp    data_builder.o
    0x0800bd64   0x0800bd64   0x000000ac   Code   RO         4807    i.inv_compass_angle  ml_math_func.o
    0x0800be10   0x0800be10   0x00000010   Code   RO         4215    i.inv_compass_was_turned_off  data_builder.o
    0x0800be20   0x0800be20   0x0000005c   Code   RO         4809    i.inv_convert_to_body_with_scale  ml_math_func.o
    0x0800be7c   0x0800be7c   0x00000034   Code   RO         4216    i.inv_db_load_func  data_builder.o
    0x0800beb0   0x0800beb0   0x00000014   Code   RO         4217    i.inv_db_save_func  data_builder.o
    0x0800bec4   0x0800bec4   0x00000010   Code   RO         4218    i.inv_disable_compass_soft_iron_matrix  data_builder.o
    0x0800bed4   0x0800bed4   0x0000001c   Code   RO         4124    i.inv_enable_eMPL_outputs  empl_outputs.o
    0x0800bef0   0x0800bef0   0x0000001c   Code   RO         5197    i.inv_enable_results_holder  results_holder.o
    0x0800bf0c   0x0800bf0c   0x00000028   Code   RO         5432    i.inv_execute_mpl_start_notification  start_manager.o
    0x0800bf34   0x0800bf34   0x00000080   Code   RO         4220    i.inv_execute_on_data  data_builder.o
    0x0800bfb4   0x0800bfb4   0x000000ac   Code   RO         4125    i.inv_generate_eMPL_outputs  empl_outputs.o
    0x0800c060   0x0800c060   0x00000010   Code   RO         5198    i.inv_generate_results  results_holder.o
    0x0800c070   0x0800c070   0x0000001c   Code   RO         5199    i.inv_get_6axis_quaternion  results_holder.o
    0x0800c08c   0x0800c08c   0x0000000c   Code   RO         5200    i.inv_get_acc_state  results_holder.o
    0x0800c098   0x0800c098   0x0000000c   Code   RO         4221    i.inv_get_accel_accuracy  data_builder.o
    0x0800c0a4   0x0800c0a4   0x00000010   Code   RO         4223    i.inv_get_accel_on  data_builder.o
    0x0800c0b4   0x0800c0b4   0x00000030   Code   RO         4227    i.inv_get_accel_set  data_builder.o
    0x0800c0e4   0x0800c0e4   0x00000018   Code   RO         4228    i.inv_get_compass_bias  data_builder.o
    0x0800c0fc   0x0800c0fc   0x00000018   Code   RO         5204    i.inv_get_compass_correction  results_holder.o
    0x0800c114   0x0800c114   0x00000010   Code   RO         4230    i.inv_get_compass_on  data_builder.o
    0x0800c124   0x0800c124   0x0000001c   Code   RO         4237    i.inv_get_compass_soft_iron_output_data  data_builder.o
    0x0800c140   0x0800c140   0x0000000c   Code   RO         5205    i.inv_get_compass_state  results_holder.o
    0x0800c14c   0x0800c14c   0x00000054   Code   RO         5206    i.inv_get_gravity   results_holder.o
    0x0800c1a0   0x0800c1a0   0x00000014   Code   RO         4238    i.inv_get_gyro      data_builder.o
    0x0800c1b4   0x0800c1b4   0x0000000c   Code   RO         4239    i.inv_get_gyro_accuracy  data_builder.o
    0x0800c1c0   0x0800c1c0   0x0000002c   Code   RO         4240    i.inv_get_gyro_bias  data_builder.o
    0x0800c1ec   0x0800c1ec   0x0000001c   Code   RO         4241    i.inv_get_gyro_bias_tc_set  data_builder.o
    0x0800c208   0x0800c208   0x00000010   Code   RO         4242    i.inv_get_gyro_on   data_builder.o
    0x0800c218   0x0800c218   0x00000018   Code   RO         4813    i.inv_get_gyro_sum_of_sqr  ml_math_func.o
    0x0800c230   0x0800c230   0x0000000c   Code   RO         5209    i.inv_get_large_mag_field  results_holder.o
    0x0800c23c   0x0800c23c   0x00000048   Code   RO         4248    i.inv_get_last_timestamp  data_builder.o
    0x0800c284   0x0800c284   0x0000003e   Code   RO         5210    i.inv_get_linear_accel  results_holder.o
    0x0800c2c2   0x0800c2c2   0x00000002   PAD
    0x0800c2c4   0x0800c2c4   0x00000044   Code   RO         5211    i.inv_get_linear_accel_float  results_holder.o
    0x0800c308   0x0800c308   0x00000014   Code   RO         5212    i.inv_get_local_field  results_holder.o
    0x0800c31c   0x0800c31c   0x00000020   Code   RO         4249    i.inv_get_mag_accuracy  data_builder.o
    0x0800c33c   0x0800c33c   0x00000010   Code   RO         5214    i.inv_get_motion_state  results_holder.o
    0x0800c34c   0x0800c34c   0x00000030   Code   RO         5215    i.inv_get_quaternion  results_holder.o
    0x0800c37c   0x0800c37c   0x00000040   Code   RO         5217    i.inv_get_quaternion_set  results_holder.o
    0x0800c3bc   0x0800c3bc   0x000001dc   Code   RO         4128    i.inv_get_sensor_type_euler  empl_outputs.o
    0x0800c598   0x0800c598   0x00000060   Code   RO         4674    i.inv_get_sensor_type_gravity  hal_outputs.o
    0x0800c5f8   0x0800c5f8   0x0000000c   Code   RO         5219    i.inv_got_compass_bias  results_holder.o
    0x0800c604   0x0800c604   0x0000000c   Code   RO         4251    i.inv_gyro_was_turned_off  data_builder.o
    0x0800c610   0x0800c610   0x0000003c   Code   RO         4252    i.inv_init_data_builder  data_builder.o
    0x0800c64c   0x0800c64c   0x00000014   Code   RO         4133    i.inv_init_eMPL_outputs  empl_outputs.o
    0x0800c660   0x0800c660   0x00000078   Code   RO         5161    i.inv_init_mpl      mpl.o
    0x0800c6d8   0x0800c6d8   0x00000030   Code   RO         5220    i.inv_init_results_holder  results_holder.o
    0x0800c708   0x0800c708   0x00000014   Code   RO         5433    i.inv_init_start_manager  start_manager.o
    0x0800c71c   0x0800c71c   0x00000018   Code   RO         5466    i.inv_init_storage_manager  storage_manager.o
    0x0800c734   0x0800c734   0x00000024   Code   RO         4822    i.inv_orientation_matrix_to_scalar  ml_math_func.o
    0x0800c758   0x0800c758   0x0000000c   Code   RO         4823    i.inv_q29_mult      ml_math_func.o
    0x0800c764   0x0800c764   0x0000000c   Code   RO         4825    i.inv_q30_mult      ml_math_func.o
    0x0800c770   0x0800c770   0x00000024   Code   RO         4827    i.inv_q_add         ml_math_func.o
    0x0800c794   0x0800c794   0x00000042   Code   RO         4828    i.inv_q_addf        ml_math_func.o
    0x0800c7d6   0x0800c7d6   0x00000018   Code   RO         4829    i.inv_q_invert      ml_math_func.o
    0x0800c7ee   0x0800c7ee   0x0000002e   Code   RO         4830    i.inv_q_invertf     ml_math_func.o
    0x0800c81c   0x0800c81c   0x000000b0   Code   RO         4831    i.inv_q_mult        ml_math_func.o
    0x0800c8cc   0x0800c8cc   0x000000d2   Code   RO         4832    i.inv_q_multf       ml_math_func.o
    0x0800c99e   0x0800c99e   0x00000002   PAD
    0x0800c9a0   0x0800c9a0   0x00000084   Code   RO         4833    i.inv_q_norm4       ml_math_func.o
    0x0800ca24   0x0800ca24   0x000000b4   Code   RO         4835    i.inv_q_normalizef  ml_math_func.o
    0x0800cad8   0x0800cad8   0x0000003e   Code   RO         4836    i.inv_q_rotate      ml_math_func.o
    0x0800cb16   0x0800cb16   0x00000002   PAD
    0x0800cb18   0x0800cb18   0x00000010   Code   RO         4254    i.inv_quaternion_sensor_was_turned_off  data_builder.o
    0x0800cb28   0x0800cb28   0x000000da   Code   RO         4838    i.inv_quaternion_to_rotation  ml_math_func.o
    0x0800cc02   0x0800cc02   0x00000002   PAD
    0x0800cc04   0x0800cc04   0x000000b0   Code   RO         4255    i.inv_register_data_cb  data_builder.o
    0x0800ccb4   0x0800ccb4   0x0000006c   Code   RO         5468    i.inv_register_load_store  storage_manager.o
    0x0800cd20   0x0800cd20   0x00000020   Code   RO         5434    i.inv_register_mpl_start_notification  start_manager.o
    0x0800cd40   0x0800cd40   0x00000050   Code   RO         4256    i.inv_reset_compass_soft_iron_matrix  data_builder.o
    0x0800cd90   0x0800cd90   0x00000048   Code   RO         4840    i.inv_row_2_scale   ml_math_func.o
    0x0800cdd8   0x0800cdd8   0x0000001c   Code   RO         4257    i.inv_set_accel_accuracy  data_builder.o
    0x0800cdf4   0x0800cdf4   0x0000004c   Code   RO         4259    i.inv_set_accel_bias  data_builder.o
    0x0800ce40   0x0800ce40   0x0000000c   Code   RO         5223    i.inv_set_accel_bias_found  results_holder.o
    0x0800ce4c   0x0800ce4c   0x00000054   Code   RO         4260    i.inv_set_accel_bias_mask  data_builder.o
    0x0800cea0   0x0800cea0   0x00000010   Code   RO         4261    i.inv_set_accel_orientation_and_scale  data_builder.o
    0x0800ceb0   0x0800ceb0   0x0000002c   Code   RO         4262    i.inv_set_accel_sample_rate  data_builder.o
    0x0800cedc   0x0800cedc   0x00000048   Code   RO         4264    i.inv_set_compass_bias  data_builder.o
    0x0800cf24   0x0800cf24   0x00000014   Code   RO         5224    i.inv_set_compass_bias_error  results_holder.o
    0x0800cf38   0x0800cf38   0x0000000c   Code   RO         5225    i.inv_set_compass_bias_found  results_holder.o
    0x0800cf44   0x0800cf44   0x00000024   Code   RO         5226    i.inv_set_compass_correction  results_holder.o
    0x0800cf68   0x0800cf68   0x0000000c   Code   RO         4265    i.inv_set_compass_disturbance  data_builder.o
    0x0800cf74   0x0800cf74   0x00000010   Code   RO         4266    i.inv_set_compass_orientation_and_scale  data_builder.o
    0x0800cf84   0x0800cf84   0x0000002c   Code   RO         4267    i.inv_set_compass_sample_rate  data_builder.o
    0x0800cfb0   0x0800cfb0   0x00000050   Code   RO         4268    i.inv_set_compass_soft_iron_input_data  data_builder.o
    0x0800d000   0x0800d000   0x0000000c   Code   RO         5227    i.inv_set_compass_state  results_holder.o
    0x0800d00c   0x0800d00c   0x00000094   Code   RO         4271    i.inv_set_contiguous  data_builder.o
    0x0800d0a0   0x0800d0a0   0x00000060   Code   RO         4273    i.inv_set_gyro_bias  data_builder.o
    0x0800d100   0x0800d100   0x00000010   Code   RO         4274    i.inv_set_gyro_orientation_and_scale  data_builder.o
    0x0800d110   0x0800d110   0x00000028   Code   RO         4275    i.inv_set_gyro_sample_rate  data_builder.o
    0x0800d138   0x0800d138   0x00000014   Code   RO         4782    i.inv_set_message   message_layer.o
    0x0800d14c   0x0800d14c   0x00000038   Code   RO         5232    i.inv_set_motion_state  results_holder.o
    0x0800d184   0x0800d184   0x00000010   Code   RO         4134    i.inv_start_eMPL_outputs  empl_outputs.o
    0x0800d194   0x0800d194   0x0000003c   Code   RO         5162    i.inv_start_mpl     mpl.o
    0x0800d1d0   0x0800d1d0   0x00000018   Code   RO         5233    i.inv_start_results_holder  results_holder.o
    0x0800d1e8   0x0800d1e8   0x00000024   Code   RO         5234    i.inv_store_gaming_quaternion  results_holder.o
    0x0800d20c   0x0800d20c   0x0000005c   Code   RO         4278    i.inv_unregister_data_cb  data_builder.o
    0x0800d268   0x0800d268   0x0000004c   Code   RO         5435    i.inv_unregister_mpl_start_notification  start_manager.o
    0x0800d2b4   0x0800d2b4   0x00000010   Code   RO         5873    i.log               m_wm.l(log.o)
    0x0800d2c4   0x0800d2c4   0x00000088   Code   RO            8    i.main              main.o
    0x0800d34c   0x0800d34c   0x00000032   Code   RO         4845    i.mlMatrixVectorMult  ml_math_func.o
    0x0800d37e   0x0800d37e   0x00000002   PAD
    0x0800d380   0x0800d380   0x00000060   Code   RO         3498    i.mpu_configure_fifo  inv_mpu.o
    0x0800d3e0   0x0800d3e0   0x00000044   Code   RO         3499    i.mpu_get_accel_fsr  inv_mpu.o
    0x0800d424   0x0800d424   0x00000068   Code   RO         3500    i.mpu_get_accel_reg  inv_mpu.o
    0x0800d48c   0x0800d48c   0x0000004c   Code   RO         3501    i.mpu_get_accel_sens  inv_mpu.o
    0x0800d4d8   0x0800d4d8   0x00000010   Code   RO         3502    i.mpu_get_compass_fsr  inv_mpu.o
    0x0800d4e8   0x0800d4e8   0x000000a8   Code   RO         3503    i.mpu_get_compass_reg  inv_mpu.o
    0x0800d590   0x0800d590   0x00000010   Code   RO         3506    i.mpu_get_fifo_config  inv_mpu.o
    0x0800d5a0   0x0800d5a0   0x00000040   Code   RO         3507    i.mpu_get_gyro_fsr  inv_mpu.o
    0x0800d5e0   0x0800d5e0   0x00000058   Code   RO         3509    i.mpu_get_gyro_sens  inv_mpu.o
    0x0800d638   0x0800d638   0x00000044   Code   RO         3511    i.mpu_get_lpf       inv_mpu.o
    0x0800d67c   0x0800d67c   0x0000001c   Code   RO         3513    i.mpu_get_sample_rate  inv_mpu.o
    0x0800d698   0x0800d698   0x00000094   Code   RO         3514    i.mpu_get_temperature  inv_mpu.o
    0x0800d72c   0x0800d72c   0x000000f4   Code   RO         3515    i.mpu_init          inv_mpu.o
    0x0800d820   0x0800d820   0x000000b4   Code   RO         3516    i.mpu_load_firmware  inv_mpu.o
    0x0800d8d4   0x0800d8d4   0x000000d8   Code   RO         3517    i.mpu_lp_accel_mode  inv_mpu.o
    0x0800d9ac   0x0800d9ac   0x00000214   Code   RO         3518    i.mpu_lp_motion_interrupt  inv_mpu.o
    0x0800dbc0   0x0800dbc0   0x000001a4   Code   RO         3522    i.mpu_read_fifo     inv_mpu.o
    0x0800dd64   0x0800dd64   0x000000b0   Code   RO         3523    i.mpu_read_fifo_stream  inv_mpu.o
    0x0800de14   0x0800de14   0x00000068   Code   RO         3524    i.mpu_read_mem      inv_mpu.o
    0x0800de7c   0x0800de7c   0x0000016c   Code   RO         3527    i.mpu_reset_fifo    inv_mpu.o
    0x0800dfe8   0x0800dfe8   0x000002a8   Code   RO         3528    i.mpu_run_6500_self_test  inv_mpu.o
    0x0800e290   0x0800e290   0x00000074   Code   RO         3532    i.mpu_set_accel_fsr  inv_mpu.o
    0x0800e304   0x0800e304   0x00000118   Code   RO         3533    i.mpu_set_bypass    inv_mpu.o
    0x0800e41c   0x0800e41c   0x00000050   Code   RO         3534    i.mpu_set_compass_sample_rate  inv_mpu.o
    0x0800e46c   0x0800e46c   0x0000007c   Code   RO         3535    i.mpu_set_dmp_state  inv_mpu.o
    0x0800e4e8   0x0800e4e8   0x00000078   Code   RO         3537    i.mpu_set_gyro_fsr  inv_mpu.o
    0x0800e560   0x0800e560   0x00000060   Code   RO         3538    i.mpu_set_int_latched  inv_mpu.o
    0x0800e5c0   0x0800e5c0   0x0000007c   Code   RO         3540    i.mpu_set_lpf       inv_mpu.o
    0x0800e63c   0x0800e63c   0x00000090   Code   RO         3541    i.mpu_set_sample_rate  inv_mpu.o
    0x0800e6cc   0x0800e6cc   0x00000138   Code   RO         3542    i.mpu_set_sensors   inv_mpu.o
    0x0800e804   0x0800e804   0x00000068   Code   RO         3543    i.mpu_write_mem     inv_mpu.o
    0x0800e86c   0x0800e86c   0x0000009c   Code   RO         3084    i.read_from_mpl     mpu_dmp.o
    0x0800e908   0x0800e908   0x000001fc   Code   RO         3085    i.run_self_test     mpu_dmp.o
    0x0800eb04   0x0800eb04   0x00000074   Code   RO         3544    i.set_int_enable    inv_mpu.o
    0x0800eb78   0x0800eb78   0x00000006   Code   RO         4279    i.set_sensor_orientation_and_scale  data_builder.o
    0x0800eb7e   0x0800eb7e   0x00000002   PAD
    0x0800eb80   0x0800eb80   0x00000200   Code   RO         3545    i.setup_compass     inv_mpu.o
    0x0800ed80   0x0800ed80   0x00000010   Code   RO         5913    i.sinf              m_wm.l(sinf.o)
    0x0800ed90   0x0800ed90   0x0000006e   Code   RO         5925    i.sqrt              m_wm.l(sqrt.o)
    0x0800edfe   0x0800edfe   0x0000003e   Code   RO         5937    i.sqrtf             m_wm.l(sqrtf.o)
    0x0800ee3c   0x0800ee3c   0x000000a4   Code   RO         3087    i.tap_cb            mpu_dmp.o
    0x0800eee0   0x0800eee0   0x0000002a   Data   RO         3546    .constdata          inv_mpu.o
    0x0800ef0a   0x0800ef0a   0x0000000e   Data   RO         3547    .constdata          inv_mpu.o
    0x0800ef18   0x0800ef18   0x00000030   Data   RO         3548    .constdata          inv_mpu.o
    0x0800ef48   0x0800ef48   0x00000200   Data   RO         3549    .constdata          inv_mpu.o
    0x0800f148   0x0800f148   0x00000bf6   Data   RO         3861    .constdata          inv_mpu_dmp_motion_driver.o
    0x0800fd3e   0x0800fd3e   0x0000002f   Data   RO         5163    .constdata          mpl.o
    0x0800fd6d   0x0800fd6d   0x00000003   PAD
    0x0800fd70   0x0800fd70   0x00000038   Data   RO         5874    .constdata          m_wm.l(log.o)
    0x0800fda8   0x0800fda8   0x00000030   Data   RO         6306    .constdata          m_wm.l(cos_i.o)
    0x0800fdd8   0x0800fdd8   0x00000008   Data   RO         6342    .constdata          m_wm.l(qnan.o)
    0x0800fde0   0x0800fde0   0x000000c8   Data   RO         6345    .constdata          m_wm.l(rred.o)
    0x0800fea8   0x0800fea8   0x00000020   Data   RO         6349    .constdata          m_wm.l(rredf.o)
    0x0800fec8   0x0800fec8   0x00000028   Data   RO         6352    .constdata          m_wm.l(sin_i.o)
    0x0800fef0   0x0800fef0   0x00000009   Data   RO         3089    .conststring        mpu_dmp.o
    0x0800fef9   0x0800fef9   0x00000003   PAD
    0x0800fefc   0x0800fefc   0x00000044   Data   RO         4281    .conststring        data_builder.o
    0x0800ff40   0x0800ff40   0x00000020   Data   RO         6398    Region$$Table       anon$$obj.o


    Execution Region RW_IRAM1 (Exec base: 0x20000000, Load base: 0x0800ff60, Size: 0x00001cd0, Max: 0x00020000, ABSOLUTE)

    Exec Addr    Load Addr    Size         Type   Attr      Idx    E Section Name        Object

    0x20000000   0x0800ff60   0x00000008   Data   RW           12    .data               main.o
    0x20000008   0x0800ff68   0x00000014   Data   RW          426    .data               system_stm32f4xx.o
    0x2000001c   0x0800ff7c   0x00000002   Data   RW         2710    .data               iic_init.o
    0x2000001e   0x0800ff7e   0x00000002   PAD
    0x20000020   0x0800ff80   0x00000004   Data   RW         2843    .data               msystick.o
    0x20000024   0x0800ff84   0x00000004   Data   RW         3090    .data               mpu_dmp.o
    0x20000028   0x0800ff88   0x00000012   Data   RW         3092    .data               mpu_dmp.o
    0x2000003a   0x0800ff9a   0x0000000a   Data   RW         3238    .data               nrf24l01.o
    0x20000044   0x0800ffa4   0x00000038   Data   RW         3550    .data               inv_mpu.o
    0x2000007c   0x0800ffdc   0x0000000c   Data   RW         4042    .data               log_stm32.o
    0x20000088   0x0800ffe8   0x00000004   Data   RW         4783    .data               message_layer.o
    0x2000008c   0x0800ffec   0x00000010   Data   RW         5509    .data               libmpllib.lib(compass_vec_cal.o)
    0x2000009c   0x0800fffc   0x00000004   Data   RW         6381    .data               mc_w.l(errno.o)
    0x200000a0        -       0x00000054   Zero   RW            9    .bss                main.o
    0x200000f4        -       0x00000024   Zero   RW         3088    .bss                mpu_dmp.o
    0x20000118        -       0x00000138   Zero   RW         3370    .bss                pid_control.o
    0x20000250        -       0x00000010   Zero   RW         3860    .bss                inv_mpu_dmp_motion_driver.o
    0x20000260        -       0x0000005f   Zero   RW         4041    .bss                log_stm32.o
    0x200002bf   0x08010000   0x00000001   PAD
    0x200002c0        -       0x00000028   Zero   RW         4136    .bss                empl_outputs.o
    0x200002e8        -       0x000002d8   Zero   RW         4280    .bss                data_builder.o
    0x200005c0        -       0x000000c4   Zero   RW         4684    .bss                hal_outputs.o
    0x20000684        -       0x00000088   Zero   RW         5235    .bss                results_holder.o
    0x2000070c        -       0x00000054   Zero   RW         5436    .bss                start_manager.o
    0x20000760        -       0x00000198   Zero   RW         5470    .bss                storage_manager.o
    0x200008f8        -       0x00000460   Zero   RW         5508    .bss                libmpllib.lib(compass_vec_cal.o)
    0x20000d58        -       0x000002a0   Zero   RW         5598    .bss                libmpllib.lib(fast_no_motion.o)
    0x20000ff8        -       0x00000138   Zero   RW         5631    .bss                libmpllib.lib(fusion_9axis.o)
    0x20001130        -       0x000001c4   Zero   RW         5653    .bss                libmpllib.lib(gyro_tc.o)
    0x200012f4        -       0x000000b8   Zero   RW         5671    .bss                libmpllib.lib(mag_disturb.o)
    0x200013ac        -       0x0000006c   Zero   RW         5693    .bss                libmpllib.lib(quaternion_supervisor.o)
    0x20001418        -       0x000004b8   Zero   RW         5711    .bss                libmpllib.lib(accel_auto_cal.o)
    0x200018d0        -       0x00000400   Zero   RW          483    STACK               startup_stm32f40xx.o


==============================================================================

Image component sizes


      Code (inc. data)   RO Data    RW Data    ZI Data      Debug   Object Name

       316         34          0          0          0       1483   adc_init.o
      2284        302         68          0        728      31861   data_builder.o
        76          4          0          0          0        603   delay.o
       712         58          0          0         40       4554   empl_outputs.o
       260         16          0          0          0       1790   exit_init.o
        96          8          0          0        196       2994   hal_outputs.o
      1258         64          0          2          0      12846   iic_init.o
     10188       1614        616         56          0      41130   inv_mpu.o
      1970        102       3062          0         16      18937   inv_mpu_dmp_motion_driver.o
        80          4          0          0          0        519   led.o
      2156        126          0         12         95      10779   log_stm32.o
       236         34          0          8         84     305321   main.o
        20          4          0          4          0       1150   message_layer.o
       124         16          0          0          0       1771   misc.o
      1620         22          0          0          0      13633   ml_math_func.o
       228         78         47          0          0       5188   mpl.o
      1824        386          9         22         36       8232   mpu_dmp.o
       130         32          0          0          0       1236   mpux_init.o
       100         20          0          4          0      28319   msystick.o
      1160         96          0         10          0       8776   nrf24l01.o
       136          0          0          0          0       1879   nrf_usart_module.o
      1168        122          0          0        312       6691   pid_control.o
       528         16          0          0          0       1894   pwm_timx_init.o
       762        120          0          0        136      15397   results_holder.o
       168         20          0          0         84       3304   start_manager.o
        36          8        392          0       1024        840   startup_stm32f40xx.o
       310         20          0          0          0       6803   stm32f4xx_adc.o
       148         16          0          0          0       2452   stm32f4xx_exti.o
       178          0          0          0          0       3871   stm32f4xx_gpio.o
        20          0          0          0          0       4374   stm32f4xx_it.o
       112         24          0          0          0       2644   stm32f4xx_rcc.o
       102          0          0          0          0       3878   stm32f4xx_spi.o
        44          6          0          0          0        716   stm32f4xx_syscfg.o
      1180        112          0          0          0      13498   stm32f4xx_tim.o
       132          8          0          0        408       2429   storage_manager.o
       276         34          0         20          0       1861   system_stm32f4xx.o

    ----------------------------------------------------------------------
     30184       3526       4232        140       3160     573653   Object Totals
         0          0         32          0          0          0   (incl. Generated)
        46          0          6          2          1          0   (incl. Padding)

    ----------------------------------------------------------------------

      Code (inc. data)   RO Data    RW Data    ZI Data      Debug   Library Member Name

      2796        150          0          0       1208       9108   accel_auto_cal.o
      7772        154          0         16       1120      19264   compass_vec_cal.o
      2548         42          0          0        672      13408   fast_no_motion.o
      1628         54          0          0        312       5308   fusion_9axis.o
      1212         30          0          0        452       5515   gyro_tc.o
      1360         46          0          0        184       7270   mag_disturb.o
      2368        102          0          0        108       5409   quaternion_supervisor.o
       296         46          0          0          0        300   acosf.o
       592         90          0          0          0        184   atan2f.o
       216         20          0          0          0        288   cos.o
       368         46         48          0          0        200   cos_i.o
       352         56          0          0          0        260   cosf.o
       132         36          0          0          0        496   dunder.o
        44          0          0          0          0        248   fabs.o
        48          0          0          0          0        124   fpclassify.o
        38          0          0          0          0        116   fpclassifyf.o
        44         12          0          0          0        464   funder.o
       980         92         56          0          0        440   log.o
       248          0          0          0          0        152   poly.o
         0          0          8          0          0          0   qnan.o
      1080        142        200          0          0        188   rred.o
       340         24         32          0          0        160   rredf.o
       304         24         40          0          0        208   sin_i.o
       416         56          0          0          0        336   sinf.o
       110          0          0          0          0        148   sqrt.o
       120          0          0          0          0        272   sqrtf.o
         0          0          0          0          0          0   entry.o
         0          0          0          0          0          0   entry10a.o
         0          0          0          0          0          0   entry11a.o
         8          4          0          0          0          0   entry2.o
         4          0          0          0          0          0   entry5.o
         0          0          0          0          0          0   entry7b.o
         0          0          0          0          0          0   entry8b.o
         8          4          0          0          0          0   entry9a.o
        12          6          0          4          0         68   errno.o
        30          0          0          0          0          0   handlers.o
        36          8          0          0          0         68   init.o
         0          0          0          0          0          0   iusefp.o
        98          0          0          0          0         84   ldiv.o
        30          0          0          0          0         68   llshl.o
        36          0          0          0          0         68   llsshr.o
        32          0          0          0          0         68   llushr.o
        26          0          0          0          0         80   memcmp.o
        64          0          0          0          0         76   memmovea.o
        36          0          0          0          0        108   memseta.o
      2272         86          0          0          0        516   printfa.o
        14          0          0          0          0         68   strlen.o
        44          0          0          0          0         80   uidiv.o
        98          0          0          0          0         92   uldiv.o
        48          0          0          0          0         68   cdcmple.o
        48          0          0          0          0         68   cdrcmple.o
        20          0          0          0          0         68   cfcmple.o
        20          0          0          0          0         68   cfrcmple.o
        56          0          0          0          0         88   d2f.o
       334          0          0          0          0        148   dadd.o
       222          0          0          0          0        100   ddiv.o
       186          0          0          0          0        176   depilogue.o
        62          0          0          0          0         80   dfixi.o
        48          0          0          0          0         68   dfixul.o
        34          0          0          0          0         76   dflti.o
        26          0          0          0          0         76   dfltui.o
       228          0          0          0          0         96   dmul.o
        46          0          0          0          0         80   dscalb.o
       162          0          0          0          0        100   dsqrt.o
        38          0          0          0          0         68   f2d.o
       176          0          0          0          0        140   fadd.o
       124          0          0          0          0         88   fdiv.o
       110          0          0          0          0        168   fepilogue.o
        50          0          0          0          0         68   ffixi.o
        66          0          0          0          0         76   ffixl.o
        18          0          0          0          0         68   fflti.o
        44          0          0          0          0         92   ffltl.o
        10          0          0          0          0         68   ffltui.o
       100          0          0          0          0         76   fmul.o
        24          0          0          0          0         68   fscalb.o

    ----------------------------------------------------------------------
     30576       1330        384         20       4056      73650   Library Totals
        16          0          0          0          0          0   (incl. Padding)

    ----------------------------------------------------------------------

      Code (inc. data)   RO Data    RW Data    ZI Data      Debug   Library Name

     19684        578          0         16       4056      65282   libmpllib.lib
      5728        644        384          0          0       4584   m_wm.l
      2848        108          0          4          0       1444   mc_w.l
      2300          0          0          0          0       2340   mf_w.l

    ----------------------------------------------------------------------
     30576       1330        384         20       4056      73650   Library Totals

    ----------------------------------------------------------------------

==============================================================================


      Code (inc. data)   RO Data    RW Data    ZI Data      Debug   

     60760       4856       4616        160       7216     613583   Grand Totals
     60760       4856       4616        160       7216     613583   ELF Image Totals
     60760       4856       4616        160          0          0   ROM Totals

==============================================================================

    Total RO  Size (Code + RO Data)                65376 (  63.84kB)
    Total RW  Size (RW Data + ZI Data)              7376 (   7.20kB)
    Total ROM Size (Code + RO Data + RW Data)      65536 (  64.00kB)

==============================================================================

